.next/dev/types/validator.ts(585,31): error TS2344: Type 'typeof import("/Users/zezoorasher/.gemini/antigravity/scratch/erp-system-2026/app/[locale]/accounting/reporting/partner_ledger/page")' does not satisfy the constraint 'AppPageConfig<"/[locale]/accounting/reporting/partner_ledger">'.
  Property 'default' is missing in type 'typeof import("/Users/zezoorasher/.gemini/antigravity/scratch/erp-system-2026/app/[locale]/accounting/reporting/partner_ledger/page")' but required in type 'AppPageConfig<"/[locale]/accounting/reporting/partner_ledger">'.
.next/dev/types/validator.ts(711,31): error TS2344: Type 'typeof import("/Users/zezoorasher/.gemini/antigravity/scratch/erp-system-2026/app/[locale]/crm/tickets/[id]/page")' does not satisfy the constraint 'AppPageConfig<"/[locale]/crm/tickets/[id]">'.
  Property 'default' is missing in type 'typeof import("/Users/zezoorasher/.gemini/antigravity/scratch/erp-system-2026/app/[locale]/crm/tickets/[id]/page")' but required in type 'AppPageConfig<"/[locale]/crm/tickets/[id]">'.
.next/types/validator.ts(585,31): error TS2344: Type 'typeof import("/Users/zezoorasher/.gemini/antigravity/scratch/erp-system-2026/app/[locale]/accounting/reporting/partner_ledger/page")' does not satisfy the constraint 'AppPageConfig<"/[locale]/accounting/reporting/partner_ledger">'.
  Property 'default' is missing in type 'typeof import("/Users/zezoorasher/.gemini/antigravity/scratch/erp-system-2026/app/[locale]/accounting/reporting/partner_ledger/page")' but required in type 'AppPageConfig<"/[locale]/accounting/reporting/partner_ledger">'.
.next/types/validator.ts(711,31): error TS2344: Type 'typeof import("/Users/zezoorasher/.gemini/antigravity/scratch/erp-system-2026/app/[locale]/crm/tickets/[id]/page")' does not satisfy the constraint 'AppPageConfig<"/[locale]/crm/tickets/[id]">'.
  Property 'default' is missing in type 'typeof import("/Users/zezoorasher/.gemini/antigravity/scratch/erp-system-2026/app/[locale]/crm/tickets/[id]/page")' but required in type 'AppPageConfig<"/[locale]/crm/tickets/[id]">'.
app/[locale]/accounting/bills/[id]/page.tsx(3,10): error TS2459: Module '"@/components/accounting/InvoiceForm"' declares 'InvoiceForm' locally, but it is not exported.
app/[locale]/accounting/bills/[id]/print/page.tsx(45,26): error TS2322: Type 'string' is not assignable to type 'MouseEventHandler<HTMLButtonElement>'.
app/[locale]/accounting/cash-registers/new-transaction/page.tsx(60,9): error TS2353: Object literal may only specify known properties, and 'date' does not exist in type '{ type: "receipt" | "disbursement"; amount: number; description: string; ref?: string | undefined; partnerId?: string | undefined; registerId?: string | undefined; }'.
app/[locale]/accounting/invoices/[id]/print/page.tsx(46,26): error TS2322: Type 'string' is not assignable to type 'MouseEventHandler<HTMLButtonElement>'.
app/[locale]/accounting/payments/[id]/page.tsx(28,85): error TS2322: Type '{ initialData: { amount: number; journal: { defaultAccount: { name: string; id: string; createdAt: Date; updatedAt: Date; companyId: string; type: string; code: string; deprecated: boolean; } | null; } & { ...; }; ... 14 more ...; destinationAccountId: string | null; } | null; partners: { ...; }[]; journals: { ...; ...' is not assignable to type 'IntrinsicAttributes & Props'.
  Property 'locale' does not exist on type 'IntrinsicAttributes & Props'.
app/[locale]/accounting/reporting/budgets/[id]/page.tsx(24,7): error TS2304: Cannot find name 'budgets'.
app/[locale]/accounting/reporting/ledger/page.tsx(4,8): error TS1192: Module '"/Users/zezoorasher/.gemini/antigravity/scratch/erp-system-2026/components/common/DateRangeFilter"' has no default export.
app/[locale]/accounting/reporting/partner_ledger/page.tsx(37,5914): error TS2339: Property 'includeDetails' does not exist on type '{ startDate: string; endDate: string; partnerIds: string[]; accountIds: string[]; journalIds: string[]; reconciled: string; }'.
app/[locale]/accounting/reporting/partner_ledger/page.tsx(37,6246): error TS2339: Property 'showInitialBalance' does not exist on type '{ startDate: string; endDate: string; partnerIds: string[]; accountIds: string[]; journalIds: string[]; reconciled: string; }'.
app/[locale]/accounting/reporting/partner_ledger/page.tsx(38,939): error TS2339: Property 'includeDetails' does not exist on type '{ startDate: string; endDate: string; partnerIds: string[]; accountIds: string[]; journalIds: string[]; reconciled: string; }'.
app/[locale]/accounting/reporting/partner_ledger/page.tsx(38,995): error TS2339: Property 'showInitialBalance' does not exist on type '{ startDate: string; endDate: string; partnerIds: string[]; accountIds: string[]; journalIds: string[]; reconciled: string; }'.
app/[locale]/accounting/reporting/profit_and_loss/page.tsx(4,8): error TS1192: Module '"/Users/zezoorasher/.gemini/antigravity/scratch/erp-system-2026/components/common/DateRangeFilter"' has no default export.
app/[locale]/accounting/reporting/profit_and_loss/page.tsx(38,24): error TS2322: Type 'string' is not assignable to type 'MouseEventHandler<HTMLButtonElement>'.
app/[locale]/accounting/reporting/trial_balance/page.tsx(5,8): error TS1192: Module '"/Users/zezoorasher/.gemini/antigravity/scratch/erp-system-2026/components/common/DateRangeFilter"' has no default export.
app/[locale]/analytics/page.tsx(90,3): error TS2304: Cannot find name 'variety'.
app/[locale]/contacts/create/page.tsx(14,3): error TS2304: Cannot find name 'returnUrl'.
app/[locale]/contacts/create/page.tsx(15,3): error TS2304: Cannot find name 'from'.
app/[locale]/contacts/create/page.tsx(16,3): error TS2304: Cannot find name 'query'.
app/[locale]/contacts/create/page.tsx(17,3): error TS2304: Cannot find name 'params'.
app/[locale]/dashboard/page.tsx(22,5): error TS2304: Cannot find name 'redirect'.
app/[locale]/inventory/adjustments/InventoryAdjustmentsClient.tsx(37,15): error TS2345: Argument of type 'void[]' is not assignable to parameter of type 'SetStateAction<Quant[]>'.
  Type 'void[]' is not assignable to type 'Quant[]'.
    Type 'void' is not assignable to type 'Quant'.
app/[locale]/inventory/operations/page.tsx(145,24): error TS2365: Operator '+' cannot be applied to types '{ companyId: any; status: { notIn: string[]; }; name: { contains: string; }; }' and '{ companyId: any; status: { notIn: string[]; }; name: { contains: string; }; }'.
app/[locale]/inventory/reporting/reorder_point/page.tsx(232,38): error TS2322: Type 'string' is not assignable to type '"ok" | "low" | "critical"'.
app/[locale]/inventory/reporting/stock/page.tsx(80,5): error TS2353: Object literal may only specify known properties, and 'cols' does not exist in type 'PivotConfig'.
app/[locale]/inventory/reporting/stock/page.tsx(86,7): error TS2353: Object literal may only specify known properties, and 'cols' does not exist in type 'PivotConfig'.
app/[locale]/inventory/reporting/stock/page.tsx(92,7): error TS2353: Object literal may only specify known properties, and 'cols' does not exist in type 'PivotConfig'.
app/[locale]/inventory/reporting/stock/page.tsx(98,5): error TS2353: Object literal may only specify known properties, and 'key' does not exist in type 'FilterOption'.
app/[locale]/inventory/reports/shortages/page.tsx(63,57): error TS2339: Property 'orderId' does not exist on type 'void'.
app/[locale]/inventory/scrap/create/page.tsx(20,5): error TS2322: Type 'true' is not assignable to type 'never'.
app/[locale]/layout.tsx(61,16): error TS2304: Cannot find name 'session'.
app/[locale]/layout.tsx(61,70): error TS2304: Cannot find name 'session'.
app/[locale]/layout.tsx(86,8): error TS2786: 'NavigationTracker' cannot be used as a JSX component.
  Its type '({ locale }: { locale: string; }) => void' is not a valid JSX element type.
    Type '({ locale }: { locale: string; }) => void' is not assignable to type '(props: any) => ReactNode | Promise<ReactNode>'.
      Type 'void' is not assignable to type 'ReactNode | Promise<ReactNode>'.
app/[locale]/page.tsx(14,5): error TS2304: Cannot find name 'redirect'.
app/[locale]/page.tsx(15,5): error TS2304: Cannot find name 'to'.
app/[locale]/page.tsx(16,5): error TS2304: Cannot find name 'real'.
app/[locale]/page.tsx(17,5): error TS2304: Cannot find name 'company'.
app/[locale]/purchases/analysis/page.tsx(34,7): error TS2353: Object literal may only specify known properties, and 'companyId' does not exist in type 'PurchaseOrderLineWhereInput'.
app/[locale]/purchases/analysis/page.tsx(46,20): error TS2551: Property 'order' does not exist on type '{ id: string; name: string | null; createdAt: Date; updatedAt: Date; sequence: number; orderId: string; productId: string | null; quantity: Decimal; priceUnit: Decimal; ... 11 more ...; secondaryUnit: string | null; }'. Did you mean 'orderId'?
app/[locale]/purchases/analysis/page.tsx(47,20): error TS2551: Property 'product' does not exist on type '{ id: string; name: string | null; createdAt: Date; updatedAt: Date; sequence: number; orderId: string; productId: string | null; quantity: Decimal; priceUnit: Decimal; ... 11 more ...; secondaryUnit: string | null; }'. Did you mean 'productId'?
app/[locale]/purchases/analysis/page.tsx(48,19): error TS2551: Property 'product' does not exist on type '{ id: string; name: string | null; createdAt: Date; updatedAt: Date; sequence: number; orderId: string; productId: string | null; quantity: Decimal; priceUnit: Decimal; ... 11 more ...; secondaryUnit: string | null; }'. Did you mean 'productId'?
app/[locale]/purchases/analysis/page.tsx(49,30): error TS2551: Property 'order' does not exist on type '{ id: string; name: string | null; createdAt: Date; updatedAt: Date; sequence: number; orderId: string; productId: string | null; quantity: Decimal; priceUnit: Decimal; ... 11 more ...; secondaryUnit: string | null; }'. Did you mean 'orderId'?
app/[locale]/purchases/analysis/page.tsx(50,28): error TS2551: Property 'order' does not exist on type '{ id: string; name: string | null; createdAt: Date; updatedAt: Date; sequence: number; orderId: string; productId: string | null; quantity: Decimal; priceUnit: Decimal; ... 11 more ...; secondaryUnit: string | null; }'. Did you mean 'orderId'?
app/[locale]/purchases/analysis/page.tsx(60,11): error TS2353: Object literal may only specify known properties, and 'columns' does not exist in type 'PivotConfig'.
app/[locale]/purchases/analysis/page.tsx(64,11): error TS2353: Object literal may only specify known properties, and 'columns' does not exist in type 'PivotConfig'.
app/[locale]/purchases/PurchasesTableClient.tsx(141,78): error TS2322: Type '{ title: string; actions: Element; columns: OdooColumn<any>[]; data: any[]; totalCount: number; baseUrl: string; searchQuery: string; modelName: string; }' is not assignable to type 'IntrinsicAttributes & OdooTableProps<any>'.
  Property 'baseUrl' does not exist on type 'IntrinsicAttributes & OdooTableProps<any>'.
app/[locale]/sales/SalesTableClient.tsx(98,76): error TS2322: Type '{ title: string; actions: Element; columns: OdooColumn<any>[]; data: any[]; totalCount: number; baseUrl: string; searchQuery: string; modelName: string; }' is not assignable to type 'IntrinsicAttributes & OdooTableProps<any>'.
  Property 'baseUrl' does not exist on type 'IntrinsicAttributes & OdooTableProps<any>'.
app/actions/accounting.ts(83,11): error TS2353: Object literal may only specify known properties, and 'connect' does not exist in type '(Without<AccountCreateInput, AccountUncheckedCreateInput> & AccountUncheckedCreateInput) | (Without<...> & AccountCreateInput)'.
app/actions/accounting.ts(364,8): error TS2304: Cannot find name 'company'.
app/actions/accounting.ts(365,10): error TS2304: Cannot find name 'company'.
app/actions/accounting.ts(441,24): error TS2454: Variable 'debitAccountId' is used before being assigned.
app/actions/accounting.ts(447,24): error TS2454: Variable 'creditAccountId' is used before being assigned.
app/actions/accounting.ts(1005,21): error TS18047: 'company' is possibly 'null'.
app/actions/accounting.ts(1159,33): error TS2454: Variable 'newCost' is used before being assigned.
app/actions/accounting.ts(1164,56): error TS2454: Variable 'newCost' is used before being assigned.
app/actions/assets.ts(47,5): error TS2322: Type '{}' is not assignable to type '(Without<AssetCreateInput, AssetUncheckedCreateInput> & AssetUncheckedCreateInput) | (Without<...> & AssetCreateInput)'.
app/actions/cash-register.ts(220,22): error TS2339: Property 'date' does not exist on type '{ type: "receipt" | "disbursement"; amount: number; description: string; ref?: string | undefined; partnerId?: string | undefined; registerId?: string | undefined; }'.
app/actions/cash-register.ts(220,43): error TS2339: Property 'date' does not exist on type '{ type: "receipt" | "disbursement"; amount: number; description: string; ref?: string | undefined; partnerId?: string | undefined; registerId?: string | undefined; }'.
app/actions/cheques.ts(563,33): error TS2304: Cannot find name 'cheque'.
app/actions/cheques.ts(564,23): error TS2304: Cannot find name 'cheque'.
app/actions/cheques.ts(570,31): error TS2304: Cannot find name 'cheque'.
app/actions/cheques.ts(570,61): error TS2304: Cannot find name 'cheque'.
app/actions/cheques.ts(570,105): error TS2304: Cannot find name 'cheque'.
app/actions/cheques.ts(570,153): error TS2304: Cannot find name 'cheque'.
app/actions/cheques.ts(572,43): error TS2304: Cannot find name 'cheque'.
app/actions/cheques.ts(579,13): error TS2304: Cannot find name 'cheque'.
app/actions/cheques.ts(587,52): error TS2304: Cannot find name 'cheque'.
app/actions/cheques.ts(588,23): error TS2304: Cannot find name 'cheque'.
app/actions/cheques.ts(594,31): error TS2304: Cannot find name 'cheque'.
app/actions/cheques.ts(594,61): error TS2304: Cannot find name 'cheque'.
app/actions/cheques.ts(594,105): error TS2304: Cannot find name 'cheque'.
app/actions/cheques.ts(596,43): error TS2304: Cannot find name 'cheque'.
app/actions/collection.ts(190,42): error TS2339: Property 'map' does not exist on type '{ receiverId: any; isRead: boolean; }'.
app/actions/collection.ts(190,46): error TS7006: Parameter 'm' implicitly has an 'any' type.
app/actions/collection.ts(194,9): error TS2322: Type 'unknown[]' is not assignable to type 'string[]'.
  Type 'unknown' is not assignable to type 'string'.
app/actions/collection.ts(204,38): error TS2339: Property 'map' does not exist on type '{ collectionAssigneeId: any; collectionStatus: { in: string[]; }; state: string; companyId: any; }'.
app/actions/collection.ts(215,34): error TS2339: Property 'map' does not exist on type '{ state: string; createdById: any; companyId: any; }'.
app/actions/collection.ts(222,30): error TS2339: Property 'map' does not exist on type '{ status: string; userId: any; companyId: any; }'.
app/actions/collection.ts(229,24): error TS2339: Property 'map' does not exist on type '{ receiverId: any; isRead: boolean; }'.
app/actions/collection.ts(234,38): error TS2339: Property 'map' does not exist on type '{ state: string; companyId: any; dateDue: { lt: Date; }; amountResidual: { gt: number; }; OR: ({ collectionAssigneeId: any; createdById?: undefined; } | { createdById: any; collectionAssigneeId?: undefined; })[]; }'.
app/actions/genericGrouping.ts(101,36): error TS2304: Cannot find name 'rows'.
app/actions/genericGrouping.ts(104,45): error TS2304: Cannot find name 'e'.
app/actions/inventory.ts(97,42): error TS2304: Cannot find name 'i'.
app/actions/inventory.ts(98,52): error TS2304: Cannot find name 'i'.
app/actions/inventory.ts(99,46): error TS2304: Cannot find name 'i'.
app/actions/inventory.ts(100,9): error TS2304: Cannot find name 'ontinue'.
app/actions/inventory.ts(211,36): error TS2304: Cannot find name 'id'.
app/actions/inventory.ts(284,36): error TS2304: Cannot find name 'id'.
app/actions/inventory.ts(337,11): error TS2304: Cannot find name 'ontinue'.
app/actions/inventory.ts(338,42): error TS2552: Cannot find name 'moveData'. Did you mean 'movesData'?
app/actions/inventory.ts(341,19): error TS2552: Cannot find name 'moveData'. Did you mean 'movesData'?
app/actions/inventory.ts(344,11): error TS2304: Cannot find name 'ontinue'.
app/actions/inventory.ts(345,42): error TS18047: 'move' is possibly 'null'.
app/actions/inventory.ts(347,11): error TS2304: Cannot find name 'ontinue'.
app/actions/inventory.ts(350,19): error TS18047: 'move' is possibly 'null'.
app/actions/inventory.ts(357,41): error TS18047: 'move' is possibly 'null'.
app/actions/inventory.ts(361,28): error TS18047: 'move' is possibly 'null'.
app/actions/inventory.ts(378,30): error TS18047: 'move' is possibly 'null'.
app/actions/inventory.ts(384,37): error TS18047: 'move' is possibly 'null'.
app/actions/inventory.ts(388,28): error TS18047: 'move' is possibly 'null'.
app/actions/inventory.ts(405,30): error TS18047: 'move' is possibly 'null'.
app/actions/inventory.ts(411,15): error TS18047: 'move' is possibly 'null'.
app/actions/inventory.ts(416,21): error TS18047: 'move' is possibly 'null'.
app/actions/inventory.ts(422,23): error TS18047: 'move' is possibly 'null'.
app/actions/inventory.ts(430,15): error TS18047: 'move' is possibly 'null'.
app/actions/inventory.ts(435,21): error TS18047: 'move' is possibly 'null'.
app/actions/inventory.ts(441,23): error TS18047: 'move' is possibly 'null'.
app/actions/inventory.ts(1193,11): error TS2322: Type 'boolean' is not assignable to type 'ProductAttributeLineUncheckedCreateNestedManyWithoutProductInput | ProductAttributeLineCreateNestedManyWithoutProductInput | undefined'.
app/actions/inventory.ts(1202,13): error TS2339: Property 'routeBuy' does not exist on type '{ create: any; }'.
app/actions/inventory.ts(1204,11): error TS2322: Type 'Decimal' is not assignable to type 'string | number | Decimal | DecimalJsLike | undefined'.
  Type 'Decimal' is missing the following properties from type 'Decimal': d, clampedTo, clamp, cosine, and 35 more.
app/actions/inventory.ts(1205,11): error TS2322: Type 'Decimal' is not assignable to type 'string | number | Decimal | DecimalJsLike | undefined'.
  Type 'Decimal' is missing the following properties from type 'Decimal': d, clampedTo, clamp, cosine, and 35 more.
app/actions/inventory.ts(1555,7): error TS2322: Type 'true' is not assignable to type 'never'.
app/actions/inventory.ts(1853,9): error TS2322: Type 'Decimal' is not assignable to type 'string | number | Decimal | DecimalJsLike | DecimalFieldUpdateOperationsInput | undefined'.
  Type 'Decimal' is missing the following properties from type 'Decimal': d, clampedTo, clamp, cosine, and 35 more.
app/actions/inventory.ts(1854,9): error TS2322: Type 'Decimal' is not assignable to type 'string | number | Decimal | DecimalJsLike | DecimalFieldUpdateOperationsInput | undefined'.
  Type 'Decimal' is missing the following properties from type 'Decimal': d, clampedTo, clamp, cosine, and 35 more.
app/actions/inventory.ts(1855,9): error TS2322: Type 'Decimal' is not assignable to type 'string | number | Decimal | DecimalJsLike | DecimalFieldUpdateOperationsInput | undefined'.
  Type 'Decimal' is missing the following properties from type 'Decimal': d, clampedTo, clamp, cosine, and 35 more.
app/actions/inventory.ts(1856,9): error TS2322: Type 'Decimal' is not assignable to type 'string | number | Decimal | DecimalJsLike | DecimalFieldUpdateOperationsInput | undefined'.
  Type 'Decimal' is missing the following properties from type 'Decimal': d, clampedTo, clamp, cosine, and 35 more.
app/actions/inventory.ts(2909,36): error TS2304: Cannot find name 'id'.
app/actions/inventory_reports.ts(122,3): error TS2304: Cannot find name 'partner'.
app/actions/inventory_reports.ts(125,7): error TS2353: Object literal may only specify known properties, and 'isSupplier' does not exist in type 'PartnerWhereInput'.
app/actions/inventory_reports.ts(128,8): error TS2304: Cannot find name 'partner'.
app/actions/inventoryAdjustments.ts(76,36): error TS2304: Cannot find name 'id'.
app/actions/inventoryAvailability.ts(37,32): error TS2551: Property 'picking' does not exist on type '{ name: string | null; id: string; companyId: string | null; productId: string | null; date: Date; quantity: Decimal; priceNet: Decimal; discount1: Decimal; ... 15 more ...; scrapId: string | null; }'. Did you mean 'pickingId'?
app/actions/inventoryAvailability.ts(37,64): error TS2551: Property 'picking' does not exist on type '{ name: string | null; id: string; companyId: string | null; productId: string | null; date: Date; quantity: Decimal; priceNet: Decimal; discount1: Decimal; ... 15 more ...; scrapId: string | null; }'. Did you mean 'pickingId'?
app/actions/inventoryAvailability.ts(38,25): error TS2551: Property 'picking' does not exist on type '{ name: string | null; id: string; companyId: string | null; productId: string | null; date: Date; quantity: Decimal; priceNet: Decimal; discount1: Decimal; ... 15 more ...; scrapId: string | null; }'. Did you mean 'pickingId'?
app/actions/inventoryAvailability.ts(38,56): error TS2551: Property 'picking' does not exist on type '{ name: string | null; id: string; companyId: string | null; productId: string | null; date: Date; quantity: Decimal; priceNet: Decimal; discount1: Decimal; ... 15 more ...; scrapId: string | null; }'. Did you mean 'pickingId'?
app/actions/journalEntries.ts(99,5): error TS2362: The left-hand side of an arithmetic operation must be of type 'any', 'number', 'bigint' or an enum type.
app/actions/journalEntries.ts(99,12): error TS2363: The right-hand side of an arithmetic operation must be of type 'any', 'number', 'bigint' or an enum type.
app/actions/journalEntries.ts(99,37): error TS2363: The right-hand side of an arithmetic operation must be of type 'any', 'number', 'bigint' or an enum type.
app/actions/journalEntries.ts(110,24): error TS2304: Cannot find name 'prefix'.
app/actions/journalEntries.ts(123,9): error TS2304: Cannot find name 'entry'.
app/actions/journalEntries.ts(127,10): error TS2304: Cannot find name 'e'.
app/actions/notification_engine.ts(31,13): error TS2353: Object literal may only specify known properties, and 'mode' does not exist in type 'StringFilter<"ResGroup">'.
app/actions/notification_engine.ts(38,34): error TS2339: Property 'users' does not exist on type '{ name: string; id: string; createdAt: Date; updatedAt: Date; category: string | null; }'.
app/actions/notification_engine.ts(38,48): error TS7006: Parameter 'u' implicitly has an 'any' type.
app/actions/notification_engine.ts(43,37): error TS2339: Property 'group' does not exist on type 'PrismaClient<PrismaClientOptions, never, DefaultArgs>'.
app/actions/notification_engine.ts(53,24): error TS7006: Parameter 'g' implicitly has an 'any' type.
app/actions/notification_engine.ts(53,45): error TS7006: Parameter 'u' implicitly has an 'any' type.
app/actions/notification_engine.ts(66,27): error TS2339: Property 'invoiceId' does not exist on type '{ eventCode: string; subject: string; body: string; type?: string | undefined; }'.
app/actions/notification_engine.ts(67,29): error TS2339: Property 'saleOrderId' does not exist on type '{ eventCode: string; subject: string; body: string; type?: string | undefined; }'.
app/actions/notification_engine.ts(68,33): error TS2339: Property 'purchaseOrderId' does not exist on type '{ eventCode: string; subject: string; body: string; type?: string | undefined; }'.
app/actions/notification_engine.ts(69,26): error TS2339: Property 'ticketId' does not exist on type '{ eventCode: string; subject: string; body: string; type?: string | undefined; }'.
app/actions/notification_engine.ts(72,9): error TS2322: Type '{ userId: string; subject: string; body: string; type: string; invoiceId: any; saleOrderId: any; purchaseOrderId: any; ticketId: any; }[]' is not assignable to type 'NotificationCreateManyInput | NotificationCreateManyInput[]'.
  Type '{ userId: string; subject: string; body: string; type: string; invoiceId: any; saleOrderId: any; purchaseOrderId: any; ticketId: any; }[]' is not assignable to type 'NotificationCreateManyInput[]'.
    Type '{ userId: string; subject: string; body: string; type: string; invoiceId: any; saleOrderId: any; purchaseOrderId: any; ticketId: any; }' is missing the following properties from type 'NotificationCreateManyInput': title, message
app/actions/odoo-sync.ts(51,191): error TS7053: Element implicitly has an 'any' type because expression of type '1' can't be used to index type 'true | [number, string]'.
  Property '1' does not exist on type 'true | [number, string]'.
app/actions/opening_balances.ts(83,9): error TS2353: Object literal may only specify known properties, and 'account' does not exist in type 'CashRegisterInclude<DefaultArgs>'.
app/actions/opening_balances.ts(140,7): error TS2353: Object literal may only specify known properties, and 'active' does not exist in type 'PartnerWhereInput'.
app/actions/opening_balances.ts(151,7): error TS2561: Object literal may only specify known properties, but 'isActive' does not exist in type 'CashRegisterWhereInput'. Did you mean to write 'active'?
app/actions/partner.ts(367,12): error TS2304: Cannot find name 'a'.
app/actions/partner.ts(368,5): error TS2304: Cannot find name 'success'.
app/actions/partner.ts(369,5): error TS2304: Cannot find name 'object'.
app/actions/partner.ts(370,5): error TS2304: Cannot find name 'so'.
app/actions/partner.ts(371,5): error TS2304: Cannot find name 'frontend'.
app/actions/partner.ts(372,5): error TS2304: Cannot find name 'knows'.
app/actions/partner.ts(373,5): error TS2582: Cannot find name 'it'. Do you need to install type definitions for a test runner? Try `npm i --save-dev @types/jest` or `npm i --save-dev @types/mocha`.
app/actions/partner.ts(374,5): error TS2304: Cannot find name 'succeeded'.
app/actions/pricing.ts(120,7): error TS2552: Cannot find name 'match'. Did you mean 'Math'?
app/actions/reconciliation.ts(279,27): error TS2454: Variable 'lineAmount' is used before being assigned.
app/actions/returns.ts(48,7): error TS2304: Cannot find name 'newPicking'.
app/actions/returns.ts(48,70): error TS2304: Cannot find name 'newPicking'.
app/actions/returns.ts(52,53): error TS2304: Cannot find name 'error'.
app/actions/returns.ts(53,3): error TS2304: Cannot find name 'error'.
app/actions/sales.ts(51,17): error TS2561: Object literal may only specify known properties, but 'customer' does not exist in type '(Without<PartnerCreateInput, PartnerUncheckedCreateInput> & PartnerUncheckedCreateInput) | (Without<...> & PartnerCreateInput)'. Did you mean to write 'isCustomer'?
app/actions/sales.ts(956,33): error TS2345: Argument of type '{ name: string; quantity: number; priceUnit: number; priceSubtotal: number; lineType: string; }' is not assignable to parameter of type '{ name: any; quantity: any; priceUnit: any; priceSubtotal: number; discount1: any; productId: any; lineType: string; }'.
  Type '{ name: string; quantity: number; priceUnit: number; priceSubtotal: number; lineType: string; }' is missing the following properties from type '{ name: any; quantity: any; priceUnit: any; priceSubtotal: number; discount1: any; productId: any; lineType: string; }': discount1, productId
components/accounting/AccountForm.tsx(140,3): error TS2695: Left side of comma operator is unused and has no side effects.
components/accounting/AssetCategoryForm.tsx(204,24): error TS2739: Type '{ options: { value: string; label: string; }[]; value: any; onChange: (...event: any[]) => void; placeholder: string; searchable: true; }' is missing the following properties from type 'OdooComboboxProps': string, void, number, boolean
components/accounting/AssetCategoryForm.tsx(216,24): error TS2739: Type '{ options: { value: string; label: string; }[]; value: any; onChange: (...event: any[]) => void; placeholder: string; searchable: true; }' is missing the following properties from type 'OdooComboboxProps': string, void, number, boolean
components/accounting/AssetCategoryForm.tsx(230,24): error TS2739: Type '{ options: { value: string; label: string; }[]; value: any; onChange: (...event: any[]) => void; placeholder: string; searchable: true; }' is missing the following properties from type 'OdooComboboxProps': string, void, number, boolean
components/accounting/AssetCategoryForm.tsx(244,24): error TS2739: Type '{ options: { value: string; label: string; }[]; value: any; onChange: (...event: any[]) => void; placeholder: string; searchable: true; }' is missing the following properties from type 'OdooComboboxProps': string, void, number, boolean
components/accounting/InvoiceFilters.tsx(35,42): error TS2339: Property 'payment' does not exist on type '{ search?: string | undefined; state?: string | undefined; }'.
components/accounting/InvoiceFilters.tsx(36,36): error TS2339: Property 'overdue' does not exist on type '{ search?: string | undefined; state?: string | undefined; }'.
components/accounting/InvoiceFilters.tsx(53,29): error TS7006: Parameter 'v' implicitly has an 'any' type.
components/accounting/InvoiceFilters.tsx(232,149): error TS2339: Property 'group' does not exist on type '{ search?: string | undefined; state?: string | undefined; }'.
components/accounting/InvoiceFilters.tsx(240,45): error TS2339: Property 'group' does not exist on type '{ search?: string | undefined; state?: string | undefined; }'.
components/accounting/InvoiceFilters.tsx(272,31): error TS7006: Parameter 'p' implicitly has an 'any' type.
components/accounting/InvoiceForm.tsx(122,3): error TS2695: Left side of comma operator is unused and has no side effects.
components/accounting/InvoiceForm.tsx(174,7): error TS2693: 'string' only refers to a type, but is being used as a value here.
components/accounting/InvoiceForm.tsx(255,5): error TS2353: Object literal may only specify known properties, and 'partner' does not exist in type 'Partial<{ mode: "all" | "onBlur" | "onChange" | "onSubmit" | "onTouched"; disabled: boolean; reValidateMode: "onBlur" | "onChange" | "onSubmit"; defaultValues: AsyncDefaultValues<FieldValues> | { ...; }; ... 11 more ...; formControl?: Omit<...> | undefined; }>'.
components/accounting/InvoiceForm.tsx(552,3): error TS2695: Left side of comma operator is unused and has no side effects.
components/accounting/InvoiceForm.tsx(570,3): error TS2695: Left side of comma operator is unused and has no side effects.
components/accounting/InvoiceForm.tsx(739,3): error TS2695: Left side of comma operator is unused and has no side effects.
components/accounting/InvoiceForm.tsx(752,3): error TS2695: Left side of comma operator is unused and has no side effects.
components/accounting/InvoiceForm.tsx(761,9): error TS2695: Left side of comma operator is unused and has no side effects.
components/accounting/InvoiceForm.tsx(788,139): error TS2322: Type '{ options: { value: any; label: any; }[]; value: any; onChange: (val: string) => void; placeholder: string; disabled: boolean; onExternalLink: (val: any) => Promise<void>; showWhatsApp: boolean; }' is not assignable to type 'IntrinsicAttributes & OdooComboboxProps'.
  Property 'onExternalLink' does not exist on type 'IntrinsicAttributes & OdooComboboxProps'.
components/accounting/InvoiceForm.tsx(788,155): error TS7006: Parameter 'val' implicitly has an 'any' type.
components/accounting/InvoiceForm.tsx(804,1271): error TS2739: Type '{ options: { value: any; label: any; }[]; value: any; onChange: (val: string) => Promise<void>; placeholder: string; onFocus: () => void; }' is missing the following properties from type 'OdooComboboxProps': string, void, number, boolean
components/accounting/JournalsKanban.tsx(29,1233): error TS2322: Type 'void' is not assignable to type 'ReactNode'.
components/accounting/JournalsKanban.tsx(29,1656): error TS2322: Type 'void' is not assignable to type 'ReactNode'.
components/accounting/JournalsKanban.tsx(29,2082): error TS2322: Type 'void' is not assignable to type 'ReactNode'.
components/accounting/OutstandingPayments.tsx(40,59): error TS2345: Argument of type 'Dispatch<SetStateAction<OutstandingPayment[]>>' is not assignable to parameter of type '(value: { id: string; name: string; amount: number; date: string; journalName: string; journalCode: string; ref: string; et: number; }[]) => void | PromiseLike<void>'.
  Types of parameters 'value' and 'value' are incompatible.
    Type '{ id: string; name: string; amount: number; date: string; journalName: string; journalCode: string; ref: string; et: number; }[]' is not assignable to type 'SetStateAction<OutstandingPayment[]>'.
      Type '{ id: string; name: string; amount: number; date: string; journalName: string; journalCode: string; ref: string; et: number; }[]' is not assignable to type 'OutstandingPayment[]'.
        Property 'remainingAmount' is missing in type '{ id: string; name: string; amount: number; date: string; journalName: string; journalCode: string; ref: string; et: number; }' but required in type 'OutstandingPayment'.
components/accounting/PartnerLedgerFilter.tsx(16,11): error TS2339: Property 'const' does not exist on type '"false"'.
components/accounting/PartnerLedgerFilter.tsx(16,17): error TS2304: Cannot find name 'includeReconciled'.
components/accounting/PartnerLedgerFilter.tsx(16,17): error TS2695: Left side of comma operator is unused and has no side effects.
components/accounting/PartnerLedgerFilter.tsx(16,36): error TS2304: Cannot find name 'setIncludeReconciled'.
components/accounting/PartnerLedgerFilter.tsx(22,10): error TS2304: Cannot find name 'includeReconciled'.
components/accounting/PartnerLedgerFilter.tsx(27,1330): error TS2304: Cannot find name 'includeReconciled'.
components/accounting/PartnerLedgerFilter.tsx(27,1364): error TS2304: Cannot find name 'setIncludeReconciled'.
components/accounting/PaymentForm.tsx(20,3): error TS2339: Property 'locale' does not exist on type 'Props'.
components/accounting/PaymentForm.tsx(56,9): error TS2304: Cannot find name 'needed'.
components/accounting/PaymentForm.tsx(74,3): error TS2695: Left side of comma operator is unused and has no side effects.
components/accounting/VendorBillForm.tsx(401,11): error TS2322: Type '{ tableId: string; columns: Column<any>[]; fields: FieldArrayWithId<{ vendor: string; billReference: string; autoComplete: string; billDate: string; accountingDate: string; paymentReference: string; recipientBank: string; dueDate: string; journal: string; lines: { ...; }[]; }, "lines", "id">[]; ... 8 more ...; poste...' is not assignable to type 'IntrinsicAttributes & EditableDynamicTableProps<any>'.
  Property 'if' does not exist on type 'IntrinsicAttributes & EditableDynamicTableProps<any>'.
components/chat/FloatingChatWidget.tsx(5,28): error TS2307: Cannot find module 'next-auth/react' or its corresponding type declarations.
components/chat/VideoCallModal.tsx(22,7): error TS2304: Cannot find name 'async'.
components/common/MacStatusBar.tsx(19,3): error TS2695: Left side of comma operator is unused and has no side effects.
components/common/OdooAutocomplete.tsx(39,3): error TS2339: Property 'error' does not exist on type 'OdooAutocompleteProps'.
components/common/OdooAutocomplete.tsx(107,7): error TS2362: The left-hand side of an arithmetic operation must be of type 'any', 'number', 'bigint' or an enum type.
components/common/OdooAutocomplete.tsx(107,16): error TS2363: The right-hand side of an arithmetic operation must be of type 'any', 'number', 'bigint' or an enum type.
components/common/OdooAutocomplete.tsx(108,7): error TS2695: Left side of comma operator is unused and has no side effects.
components/common/OdooAutocomplete.tsx(108,15): error TS2304: Cannot find name 'not'.
components/common/OdooAutocomplete.tsx(109,7): error TS2304: Cannot find name 'inner'.
components/common/OdooAutocomplete.tsx(110,7): error TS2304: Cannot find name 'scrolls'.
components/common/OdooFormShell.tsx(19,3): error TS2339: Property 'statusSteps' does not exist on type 'OdooFormShellProps'.
components/common/OdooFormShell.tsx(20,3): error TS2339: Property 'currentStatus' does not exist on type 'OdooFormShellProps'.
components/common/OdooFormShell.tsx(21,3): error TS2339: Property 'onStatusClick' does not exist on type 'OdooFormShellProps'.
components/common/OdooFormShell.tsx(22,3): error TS2339: Property 'statusClickable' does not exist on type 'OdooFormShellProps'.
components/common/OdooFormShell.tsx(23,3): error TS2339: Property 'contextActions' does not exist on type 'OdooFormShellProps'.
components/common/OdooFormShell.tsx(24,3): error TS2339: Property 'smartButtons' does not exist on type 'OdooFormShellProps'.
components/common/OdooFormShell.tsx(25,3): error TS2339: Property 'titleLabel' does not exist on type 'OdooFormShellProps'.
components/common/OdooFormShell.tsx(26,3): error TS2339: Property 'titleValue' does not exist on type 'OdooFormShellProps'.
components/common/OdooFormShell.tsx(27,3): error TS2339: Property 'children' does not exist on type 'OdooFormShellProps'.
components/common/OdooFormShell.tsx(28,3): error TS2339: Property 'chatterId' does not exist on type 'OdooFormShellProps'.
components/common/OdooFormShell.tsx(29,3): error TS2339: Property 'chatterModel' does not exist on type 'OdooFormShellProps'.
components/common/OdooFormShell.tsx(30,3): error TS2339: Property 'error' does not exist on type 'OdooFormShellProps'.
components/common/OdooFormShell.tsx(31,3): error TS2339: Property 'isLoading' does not exist on type 'OdooFormShellProps'.
components/common/OdooFormShell.tsx(32,3): error TS2339: Property 'createdBy' does not exist on type 'OdooFormShellProps'.
components/common/OdooFormShell.tsx(33,3): error TS2339: Property 'createdAt' does not exist on type 'OdooFormShellProps'.
components/common/OdooFormShell.tsx(34,3): error TS2339: Property 'updatedBy' does not exist on type 'OdooFormShellProps'.
components/common/OdooFormShell.tsx(35,3): error TS2339: Property 'updatedAt' does not exist on type 'OdooFormShellProps'.
components/common/OdooFormShell.tsx(36,3): error TS2339: Property 'extraHeaderElements' does not exist on type 'OdooFormShellProps'.
components/common/OdooFormShell.tsx(56,44): error TS7006: Parameter 'action' implicitly has an 'any' type.
components/common/OdooFormShell.tsx(56,52): error TS7006: Parameter 'i' implicitly has an 'any' type.
components/common/OdooStatusBar.tsx(31,1): error TS2304: Cannot find name 'compat'.
components/common/OdooTable.tsx(29,3): error TS2339: Property 'currentPage' does not exist on type 'OdooTableProps<T>'.
components/common/OdooTable.tsx(30,3): error TS2339: Property 'pageSize' does not exist on type 'OdooTableProps<T>'.
components/common/OdooTable.tsx(31,3): error TS2339: Property 'baseUrl' does not exist on type 'OdooTableProps<T>'.
components/common/OdooTable.tsx(32,3): error TS2339: Property 'searchQuery' does not exist on type 'OdooTableProps<T>'.
components/common/OdooTable.tsx(33,3): error TS2339: Property 'onRowClick' does not exist on type 'OdooTableProps<T>'.
components/common/OdooTable.tsx(34,3): error TS2339: Property 'modelName' does not exist on type 'OdooTableProps<T>'.
components/common/OdooTable.tsx(443,73): error TS7053: Element implicitly has an 'any' type because expression of type '"draft" | "sale" | "cancel" | "done"' can't be used to index type '{ sale: string; }'.
  Property 'draft' does not exist on type '{ sale: string; }'.
components/common/PivotTable.tsx(29,3): error TS2695: Left side of comma operator is unused and has no side effects.
components/common/ProductBrowserModal.tsx(45,3): error TS2339: Property 'onConfirm' does not exist on type 'ProductBrowserModalProps'.
components/dialogs/CategoryCreationDialog.tsx(94,15): error TS2353: Object literal may only specify known properties, and 'f' does not exist in type '{ name: string; parentId: string; costingMethod: string; valuation: string; propertyStockAccountId: string; propertyStockJournalId: string; propertyStockAccountInputId: string; propertyStockAccountOutputId: string; propertyAccountIncomeId: string; propertyAccountExpenseId: string; propertyAccountDifferenceId: string...'.
components/dialogs/CategoryCreationDialog.tsx(200,28): error TS2739: Type '{ options: any[]; value: string; onChange: (...event: any[]) => void; onCreate: (val: string) => void; disabled: boolean; searchable: true; alwaysShowCreate: true; className: string; }' is missing the following properties from type 'OdooComboboxProps': string, void, number, boolean
components/dialogs/CategoryCreationDialog.tsx(202,28): error TS2739: Type '{ options: any[]; value: string; onChange: (...event: any[]) => void; onCreate: (val: string) => void; disabled: boolean; searchable: true; alwaysShowCreate: true; className: string; }' is missing the following properties from type 'OdooComboboxProps': string, void, number, boolean
components/dialogs/CategoryCreationDialog.tsx(204,28): error TS2739: Type '{ options: any[]; value: string; onChange: (...event: any[]) => void; onCreate: (val: string) => void; disabled: boolean; searchable: true; alwaysShowCreate: true; className: string; }' is missing the following properties from type 'OdooComboboxProps': string, void, number, boolean
components/dialogs/CategoryCreationDialog.tsx(206,28): error TS2739: Type '{ options: { value: any; label: any; }[]; value: string; onChange: (...event: any[]) => void; disabled: boolean; searchable: true; className: string; }' is missing the following properties from type 'OdooComboboxProps': string, void, number, boolean
components/dialogs/CategoryCreationDialog.tsx(211,28): error TS2739: Type '{ options: any[]; value: string; onChange: (...event: any[]) => void; onCreate: (val: string) => void; searchable: true; alwaysShowCreate: true; className: string; }' is missing the following properties from type 'OdooComboboxProps': string, void, number, boolean
components/dialogs/CategoryCreationDialog.tsx(213,28): error TS2739: Type '{ options: any[]; value: string; onChange: (...event: any[]) => void; onCreate: (val: string) => void; searchable: true; alwaysShowCreate: true; className: string; }' is missing the following properties from type 'OdooComboboxProps': string, void, number, boolean
components/dialogs/QuickAccountCreationDialog.tsx(73,3): error TS2304: Cannot find name 'Arabic'.
components/dialogs/UoMManagementDialog.tsx(34,3): error TS2339: Property 'units' does not exist on type 'UoMManagementDialogProps'.
components/dialogs/UoMManagementDialog.tsx(35,3): error TS2339: Property 'uomCategories' does not exist on type 'UoMManagementDialogProps'.
components/dialogs/UoMManagementDialog.tsx(42,38): error TS7006: Parameter 'u' implicitly has an 'any' type.
components/dialogs/UoMManagementDialog.tsx(108,39): error TS7006: Parameter 'u' implicitly has an 'any' type.
components/inventory/CategoryForm.tsx(54,33): error TS2769: No overload matches this call.
  Overload 1 of 4, '(names: readonly ("name" | "parentId" | `name.${string}` | `parentId.${string}`)[], defaultValue?: { name?: any; parentId?: any; } | undefined): readonly any[]', gave the following error.
    Argument of type 'string' is not assignable to parameter of type 'readonly ("name" | "parentId" | `name.${string}` | `parentId.${string}`)[]'.
  Overload 2 of 4, '(name: "name" | "parentId" | `name.${string}` | `parentId.${string}`, defaultValue?: any): any', gave the following error.
    Argument of type '"valuation"' is not assignable to parameter of type '"name" | "parentId" | `name.${string}` | `parentId.${string}`'.
  Overload 3 of 4, '(callback: WatchObserver<{ name: any; parentId: any; }>, defaultValues?: { name?: any; parentId?: any; } | undefined): Subscription', gave the following error.
    Argument of type 'string' is not assignable to parameter of type 'WatchObserver<{ name: any; parentId: any; }>'.
components/inventory/CategoryForm.tsx(168,87): error TS2322: Type '{ options: { value: any; label: any; }[]; value: any; onChange: (...event: any[]) => void; searchMoreUrl: string; createUrl: string; placeholder: string; searchable: true; }' is not assignable to type 'IntrinsicAttributes & OdooComboboxProps'.
  Property 'searchMoreUrl' does not exist on type 'IntrinsicAttributes & OdooComboboxProps'. Did you mean 'onSearchMore'?
components/inventory/CategoryForm.tsx(168,886): error TS2345: Argument of type '"removalStrategy"' is not assignable to parameter of type '"name" | "parentId" | `name.${string}` | `parentId.${string}`'.
components/inventory/CategoryForm.tsx(168,1605): error TS2345: Argument of type '"costingMethod"' is not assignable to parameter of type '"name" | "parentId" | `name.${string}` | `parentId.${string}`'.
components/inventory/CategoryForm.tsx(168,2069): error TS2345: Argument of type '"valuation"' is not assignable to parameter of type '"name" | "parentId" | `name.${string}` | `parentId.${string}`'.
components/inventory/CategoryForm.tsx(168,2669): error TS2322: Type '"propertyAccountIncomeId"' is not assignable to type '"name" | "parentId" | `name.${string}` | `parentId.${string}`'.
components/inventory/CategoryForm.tsx(170,112): error TS2322: Type '{ options: { value: any; label: string; }[]; value: any; onChange: (...event: any[]) => void; searchMoreUrl: string; detailUrl: string; placeholder: string; searchable: true; }' is not assignable to type 'IntrinsicAttributes & OdooComboboxProps'.
  Property 'searchMoreUrl' does not exist on type 'IntrinsicAttributes & OdooComboboxProps'. Did you mean 'onSearchMore'?
components/inventory/CategoryForm.tsx(170,431): error TS2322: Type '"propertyAccountExpenseId"' is not assignable to type '"name" | "parentId" | `name.${string}` | `parentId.${string}`'.
components/inventory/CategoryForm.tsx(172,113): error TS2322: Type '{ options: { value: any; label: string; }[]; value: any; onChange: (...event: any[]) => void; searchMoreUrl: string; detailUrl: string; placeholder: string; searchable: true; }' is not assignable to type 'IntrinsicAttributes & OdooComboboxProps'.
  Property 'searchMoreUrl' does not exist on type 'IntrinsicAttributes & OdooComboboxProps'. Did you mean 'onSearchMore'?
components/inventory/CategoryForm.tsx(172,288): error TS2367: This comparison appears to be unintentional because the types 'readonly any[]' and 'string' have no overlap.
components/inventory/CategoryForm.tsx(172,473): error TS2322: Type '"propertyAccountPriceDifferenceId"' is not assignable to type '"name" | "parentId" | `name.${string}` | `parentId.${string}`'.
components/inventory/CategoryForm.tsx(174,113): error TS2322: Type '{ options: { value: any; label: string; }[]; value: any; onChange: (...event: any[]) => void; searchMoreUrl: string; detailUrl: string; placeholder: string; searchable: true; }' is not assignable to type 'IntrinsicAttributes & OdooComboboxProps'.
  Property 'searchMoreUrl' does not exist on type 'IntrinsicAttributes & OdooComboboxProps'. Did you mean 'onSearchMore'?
components/inventory/CategoryForm.tsx(174,296): error TS2367: This comparison appears to be unintentional because the types 'readonly any[]' and 'string' have no overlap.
components/inventory/CategoryForm.tsx(174,624): error TS2322: Type '"propertyStockValuationAccountId"' is not assignable to type '"name" | "parentId" | `name.${string}` | `parentId.${string}`'.
components/inventory/CategoryForm.tsx(176,109): error TS2322: Type '{ options: { value: any; label: string; }[]; value: any; onChange: (...event: any[]) => void; searchMoreUrl: string; detailUrl: string; placeholder: string; searchable: true; }' is not assignable to type 'IntrinsicAttributes & OdooComboboxProps'.
  Property 'searchMoreUrl' does not exist on type 'IntrinsicAttributes & OdooComboboxProps'. Did you mean 'onSearchMore'?
components/inventory/CategoryForm.tsx(176,434): error TS2322: Type '"propertyStockJournalId"' is not assignable to type '"name" | "parentId" | `name.${string}` | `parentId.${string}`'.
components/inventory/CategoryForm.tsx(178,106): error TS2322: Type '{ options: { value: any; label: string; }[]; value: any; onChange: (...event: any[]) => void; searchMoreUrl: string; detailUrl: string; placeholder: string; searchable: true; }' is not assignable to type 'IntrinsicAttributes & OdooComboboxProps'.
  Property 'searchMoreUrl' does not exist on type 'IntrinsicAttributes & OdooComboboxProps'. Did you mean 'onSearchMore'?
components/inventory/CategoryForm.tsx(178,448): error TS2322: Type '"propertyStockInputAccountId"' is not assignable to type '"name" | "parentId" | `name.${string}` | `parentId.${string}`'.
components/inventory/CategoryForm.tsx(180,109): error TS2322: Type '{ options: { value: any; label: string; }[]; value: any; onChange: (...event: any[]) => void; searchMoreUrl: string; detailUrl: string; placeholder: string; searchable: true; }' is not assignable to type 'IntrinsicAttributes & OdooComboboxProps'.
  Property 'searchMoreUrl' does not exist on type 'IntrinsicAttributes & OdooComboboxProps'. Did you mean 'onSearchMore'?
components/inventory/CategoryForm.tsx(180,435): error TS2322: Type '"propertyStockOutputAccountId"' is not assignable to type '"name" | "parentId" | `name.${string}` | `parentId.${string}`'.
components/inventory/CategoryForm.tsx(182,109): error TS2322: Type '{ options: { value: any; label: string; }[]; value: any; onChange: (...event: any[]) => void; searchMoreUrl: string; detailUrl: string; placeholder: string; searchable: true; }' is not assignable to type 'IntrinsicAttributes & OdooComboboxProps'.
  Property 'searchMoreUrl' does not exist on type 'IntrinsicAttributes & OdooComboboxProps'. Did you mean 'onSearchMore'?
components/inventory/PickingForm.tsx(68,64): error TS2339: Property 'id' does not exist on type '{ success: boolean; error: string; }'.
components/inventory/PickingForm.tsx(89,21): error TS2339: Property 'error' does not exist on type '({ moves: { journalEntryId: string | null; id: string; name: string | null; date: Date; companyId: string | null; status: string; productId: string | null; reference: string | null; ... 15 more ...; scrapId: string | null; }[]; } & { ...; }) | { ...; } | { ...; }'.
  Property 'error' does not exist on type '{ moves: { journalEntryId: string | null; id: string; name: string | null; date: Date; companyId: string | null; status: string; productId: string | null; reference: string | null; ... 15 more ...; scrapId: string | null; }[]; } & { ...; }'.
components/inventory/PickingForm.tsx(90,22): error TS2339: Property 'error' does not exist on type '({ moves: { journalEntryId: string | null; id: string; name: string | null; date: Date; companyId: string | null; status: string; productId: string | null; reference: string | null; ... 15 more ...; scrapId: string | null; }[]; } & { ...; }) | { ...; } | { ...; }'.
  Property 'error' does not exist on type '{ moves: { journalEntryId: string | null; id: string; name: string | null; date: Date; companyId: string | null; status: string; productId: string | null; reference: string | null; ... 15 more ...; scrapId: string | null; }[]; } & { ...; }'.
components/inventory/PickingForm.tsx(92,29): error TS2339: Property 'error' does not exist on type '({ moves: { journalEntryId: string | null; id: string; name: string | null; date: Date; companyId: string | null; status: string; productId: string | null; reference: string | null; ... 15 more ...; scrapId: string | null; }[]; } & { ...; }) | { ...; } | { ...; }'.
  Property 'error' does not exist on type '{ moves: { journalEntryId: string | null; id: string; name: string | null; date: Date; companyId: string | null; status: string; productId: string | null; reference: string | null; ... 15 more ...; scrapId: string | null; }[]; } & { ...; }'.
components/inventory/PickingForm.tsx(93,57): error TS2339: Property 'error' does not exist on type '({ moves: { journalEntryId: string | null; id: string; name: string | null; date: Date; companyId: string | null; status: string; productId: string | null; reference: string | null; ... 15 more ...; scrapId: string | null; }[]; } & { ...; }) | { ...; } | { ...; }'.
  Property 'error' does not exist on type '{ moves: { journalEntryId: string | null; id: string; name: string | null; date: Date; companyId: string | null; status: string; productId: string | null; reference: string | null; ... 15 more ...; scrapId: string | null; }[]; } & { ...; }'.
components/inventory/PickingForm.tsx(95,62): error TS2339: Property 'error' does not exist on type '({ moves: { journalEntryId: string | null; id: string; name: string | null; date: Date; companyId: string | null; status: string; productId: string | null; reference: string | null; ... 15 more ...; scrapId: string | null; }[]; } & { ...; }) | { ...; } | { ...; }'.
  Property 'error' does not exist on type '{ moves: { journalEntryId: string | null; id: string; name: string | null; date: Date; companyId: string | null; status: string; productId: string | null; reference: string | null; ... 15 more ...; scrapId: string | null; }[]; } & { ...; }'.
components/inventory/PickingForm.tsx(102,21): error TS2339: Property 'success' does not exist on type '({ moves: { journalEntryId: string | null; id: string; name: string | null; date: Date; companyId: string | null; status: string; productId: string | null; reference: string | null; ... 15 more ...; scrapId: string | null; }[]; } & { ...; }) | { ...; } | { ...; }'.
  Property 'success' does not exist on type '{ moves: { journalEntryId: string | null; id: string; name: string | null; date: Date; companyId: string | null; status: string; productId: string | null; reference: string | null; ... 15 more ...; scrapId: string | null; }[]; } & { ...; }'.
components/inventory/PickingForm.tsx(175,24): error TS2339: Property '_setValue' does not exist on type 'Control<{ partnerId: any; pickingType: any; locationDestId: any; locationId: any; scheduledDate: string; origin: any; moves: any; }, any, { partnerId: any; pickingType: any; locationDestId: any; locationId: any; scheduledDate: string; origin: any; moves: any; }>'.
components/inventory/PickingForm.tsx(191,24): error TS2339: Property '_setValue' does not exist on type 'Control<{ partnerId: any; pickingType: any; locationDestId: any; locationId: any; scheduledDate: string; origin: any; moves: any; }, any, { partnerId: any; pickingType: any; locationDestId: any; locationId: any; scheduledDate: string; origin: any; moves: any; }>'.
components/inventory/PickingForm.tsx(263,6): error TS2322: Type '{ children: any[]; statusSteps: { value: string; label: string; }[]; currentStatus: any; contextActions: ({ label: string; onClick: (e?: BaseSyntheticEvent<object, any, any> | undefined) => Promise<...>; style: "primary"; disabled: boolean; } | { ...; } | { ...; } | { ...; })[]; ... 6 more ...; chatterModel: string; }' is not assignable to type 'IntrinsicAttributes & OdooFormShellProps'.
  Property 'children' does not exist on type 'IntrinsicAttributes & OdooFormShellProps'.
components/inventory/ProductForm.tsx(34,8351): error TS2769: No overload matches this call.
  Overload 1 of 3, '(name?: undefined, config?: GetValuesConfig | undefined): { name: any; can_sell: any; can_purchase: any; detailedType: any; invoicingPolicy: any; price: any; cost: any; ... 11 more ...; secondaryUom: any; }', gave the following error.
    Argument of type '"propertyAccountIncomeId"' is not assignable to parameter of type 'undefined'.
  Overload 2 of 3, '(name: "uom" | "name" | "ref" | "detailedType" | "can_sell" | "can_purchase" | "purchaseUom" | "barcode" | "description" | "hasSecondaryUnit" | "secondaryUom" | "manufacturer" | ... 25 more ... | `tax_vendor.${string}`, config?: GetValuesConfig | undefined): any', gave the following error.
    Argument of type '"propertyAccountIncomeId"' is not assignable to parameter of type '"uom" | "name" | "ref" | "detailedType" | "can_sell" | "can_purchase" | "purchaseUom" | "barcode" | "description" | "hasSecondaryUnit" | "secondaryUom" | "manufacturer" | "invoicingPolicy" | ... 24 more ... | `tax_vendor.${string}`'.
  Overload 3 of 3, '(names: readonly ("uom" | "name" | "ref" | "detailedType" | "can_sell" | "can_purchase" | "purchaseUom" | "barcode" | "description" | "hasSecondaryUnit" | "secondaryUom" | "manufacturer" | ... 25 more ... | `tax_vendor.${string}`)[], config?: GetValuesConfig | undefined): any[]', gave the following error.
    Argument of type 'string' is not assignable to parameter of type 'readonly ("uom" | "name" | "ref" | "detailedType" | "can_sell" | "can_purchase" | "purchaseUom" | "barcode" | "description" | "hasSecondaryUnit" | "secondaryUom" | "manufacturer" | "invoicingPolicy" | ... 24 more ... | `tax_vendor.${string}`)[]'.
components/inventory/ProductForm.tsx(34,8498): error TS2345: Argument of type '"propertyAccountIncomeId"' is not assignable to parameter of type '"uom" | "name" | "ref" | "detailedType" | "can_sell" | "can_purchase" | "purchaseUom" | "barcode" | "description" | "hasSecondaryUnit" | "secondaryUom" | "manufacturer" | "invoicingPolicy" | ... 24 more ... | `tax_vendor.${string}`'.
components/inventory/ProductForm.tsx(34,8556): error TS2769: No overload matches this call.
  Overload 1 of 3, '(name?: undefined, config?: GetValuesConfig | undefined): { name: any; can_sell: any; can_purchase: any; detailedType: any; invoicingPolicy: any; price: any; cost: any; ... 11 more ...; secondaryUom: any; }', gave the following error.
    Argument of type '"propertyAccountExpenseId"' is not assignable to parameter of type 'undefined'.
  Overload 2 of 3, '(name: "uom" | "name" | "ref" | "detailedType" | "can_sell" | "can_purchase" | "purchaseUom" | "barcode" | "description" | "hasSecondaryUnit" | "secondaryUom" | "manufacturer" | ... 25 more ... | `tax_vendor.${string}`, config?: GetValuesConfig | undefined): any', gave the following error.
    Argument of type '"propertyAccountExpenseId"' is not assignable to parameter of type '"uom" | "name" | "ref" | "detailedType" | "can_sell" | "can_purchase" | "purchaseUom" | "barcode" | "description" | "hasSecondaryUnit" | "secondaryUom" | "manufacturer" | "invoicingPolicy" | ... 24 more ... | `tax_vendor.${string}`'.
  Overload 3 of 3, '(names: readonly ("uom" | "name" | "ref" | "detailedType" | "can_sell" | "can_purchase" | "purchaseUom" | "barcode" | "description" | "hasSecondaryUnit" | "secondaryUom" | "manufacturer" | ... 25 more ... | `tax_vendor.${string}`)[], config?: GetValuesConfig | undefined): any[]', gave the following error.
    Argument of type 'string' is not assignable to parameter of type 'readonly ("uom" | "name" | "ref" | "detailedType" | "can_sell" | "can_purchase" | "purchaseUom" | "barcode" | "description" | "hasSecondaryUnit" | "secondaryUom" | "manufacturer" | "invoicingPolicy" | ... 24 more ... | `tax_vendor.${string}`)[]'.
components/inventory/ProductForm.tsx(34,8729): error TS2345: Argument of type '"propertyAccountExpenseId"' is not assignable to parameter of type '"uom" | "name" | "ref" | "detailedType" | "can_sell" | "can_purchase" | "purchaseUom" | "barcode" | "description" | "hasSecondaryUnit" | "secondaryUom" | "manufacturer" | "invoicingPolicy" | ... 24 more ... | `tax_vendor.${string}`'.
components/inventory/ProductForm.tsx(34,15304): error TS2551: Property 'secondaryUomFactor' does not exist on type '{ name: any; can_sell: any; can_purchase: any; detailedType: any; invoicingPolicy: any; price: any; cost: any; tax_customer: any; tax_vendor: any; category: any; ref: any; barcode: any; manufacturer: any; ... 5 more ...; secondaryUom: any; }'. Did you mean 'secondaryUom'?
components/inventory/ProductForm.tsx(34,15353): error TS2551: Property 'secondaryUomFactor' does not exist on type '{ name: any; can_sell: any; can_purchase: any; detailedType: any; invoicingPolicy: any; price: any; cost: any; tax_customer: any; tax_vendor: any; category: any; ref: any; barcode: any; manufacturer: any; ... 5 more ...; secondaryUom: any; }'. Did you mean 'secondaryUom'?
components/inventory/ProductForm.tsx(34,15585): error TS2339: Property 'tracking' does not exist on type '{ name: any; can_sell: any; can_purchase: any; detailedType: any; invoicingPolicy: any; price: any; cost: any; tax_customer: any; tax_vendor: any; category: any; ref: any; barcode: any; manufacturer: any; ... 5 more ...; secondaryUom: any; }'.
components/inventory/ProductForm.tsx(34,15620): error TS2339: Property 'routeBuy' does not exist on type '{ name: any; can_sell: any; can_purchase: any; detailedType: any; invoicingPolicy: any; price: any; cost: any; tax_customer: any; tax_vendor: any; category: any; ref: any; barcode: any; manufacturer: any; ... 5 more ...; secondaryUom: any; }'.
components/inventory/ProductForm.tsx(34,15654): error TS2339: Property 'routeMto' does not exist on type '{ name: any; can_sell: any; can_purchase: any; detailedType: any; invoicingPolicy: any; price: any; cost: any; tax_customer: any; tax_vendor: any; category: any; ref: any; barcode: any; manufacturer: any; ... 5 more ...; secondaryUom: any; }'.
components/inventory/ProductForm.tsx(34,15686): error TS2339: Property 'weight' does not exist on type '{ name: any; can_sell: any; can_purchase: any; detailedType: any; invoicingPolicy: any; price: any; cost: any; tax_customer: any; tax_vendor: any; category: any; ref: any; barcode: any; manufacturer: any; ... 5 more ...; secondaryUom: any; }'.
components/inventory/ProductForm.tsx(34,15712): error TS2339: Property 'volume' does not exist on type '{ name: any; can_sell: any; can_purchase: any; detailedType: any; invoicingPolicy: any; price: any; cost: any; tax_customer: any; tax_vendor: any; category: any; ref: any; barcode: any; manufacturer: any; ... 5 more ...; secondaryUom: any; }'.
components/inventory/ProductForm.tsx(34,15750): error TS2339: Property 'descriptionPicking' does not exist on type '{ name: any; can_sell: any; can_purchase: any; detailedType: any; invoicingPolicy: any; price: any; cost: any; tax_customer: any; tax_vendor: any; category: any; ref: any; barcode: any; manufacturer: any; ... 5 more ...; secondaryUom: any; }'.
components/inventory/ProductForm.tsx(34,15806): error TS2339: Property 'descriptionPickingout' does not exist on type '{ name: any; can_sell: any; can_purchase: any; detailedType: any; invoicingPolicy: any; price: any; cost: any; tax_customer: any; tax_vendor: any; category: any; ref: any; barcode: any; manufacturer: any; ... 5 more ...; secondaryUom: any; }'.
components/inventory/ProductForm.tsx(34,15863): error TS2339: Property 'descriptionInternal' does not exist on type '{ name: any; can_sell: any; can_purchase: any; detailedType: any; invoicingPolicy: any; price: any; cost: any; tax_customer: any; tax_vendor: any; category: any; ref: any; barcode: any; manufacturer: any; ... 5 more ...; secondaryUom: any; }'.
components/inventory/ProductForm.tsx(34,15913): error TS2339: Property 'availableInPos' does not exist on type '{ name: any; can_sell: any; can_purchase: any; detailedType: any; invoicingPolicy: any; price: any; cost: any; tax_customer: any; tax_vendor: any; category: any; ref: any; barcode: any; manufacturer: any; ... 5 more ...; secondaryUom: any; }'.
components/inventory/ProductForm.tsx(34,15961): error TS2339: Property 'websitePublished' does not exist on type '{ name: any; can_sell: any; can_purchase: any; detailedType: any; invoicingPolicy: any; price: any; cost: any; tax_customer: any; tax_vendor: any; category: any; ref: any; barcode: any; manufacturer: any; ... 5 more ...; secondaryUom: any; }'.
components/inventory/ProductForm.tsx(34,16008): error TS2339: Property 'controlPolicy' does not exist on type '{ name: any; can_sell: any; can_purchase: any; detailedType: any; invoicingPolicy: any; price: any; cost: any; tax_customer: any; tax_vendor: any; category: any; ref: any; barcode: any; manufacturer: any; ... 5 more ...; secondaryUom: any; }'.
components/inventory/ProductForm.tsx(34,16062): error TS2339: Property 'descriptionPurchase' does not exist on type '{ name: any; can_sell: any; can_purchase: any; detailedType: any; invoicingPolicy: any; price: any; cost: any; tax_customer: any; tax_vendor: any; category: any; ref: any; barcode: any; manufacturer: any; ... 5 more ...; secondaryUom: any; }'.
components/inventory/ProductForm.tsx(34,16108): error TS2339: Property 'costMethod' does not exist on type '{ name: any; can_sell: any; can_purchase: any; detailedType: any; invoicingPolicy: any; price: any; cost: any; tax_customer: any; tax_vendor: any; category: any; ref: any; barcode: any; manufacturer: any; ... 5 more ...; secondaryUom: any; }'.
components/inventory/ProductForm.tsx(34,16164): error TS2339: Property 'propertyAccountIncomeId' does not exist on type '{ name: any; can_sell: any; can_purchase: any; detailedType: any; invoicingPolicy: any; price: any; cost: any; tax_customer: any; tax_vendor: any; category: any; ref: any; barcode: any; manufacturer: any; ... 5 more ...; secondaryUom: any; }'.
components/inventory/ProductForm.tsx(34,16228): error TS2339: Property 'propertyAccountExpenseId' does not exist on type '{ name: any; can_sell: any; can_purchase: any; detailedType: any; invoicingPolicy: any; price: any; cost: any; tax_customer: any; tax_vendor: any; category: any; ref: any; barcode: any; manufacturer: any; ... 5 more ...; secondaryUom: any; }'.
components/inventory/ProductForm.tsx(34,16278): error TS2339: Property 'assetType' does not exist on type '{ name: any; can_sell: any; can_purchase: any; detailedType: any; invoicingPolicy: any; price: any; cost: any; tax_customer: any; tax_vendor: any; category: any; ref: any; barcode: any; manufacturer: any; ... 5 more ...; secondaryUom: any; }'.
components/inventory/ProductForm.tsx(34,16326): error TS2339: Property 'priceDifferenceAccount' does not exist on type '{ name: any; can_sell: any; can_purchase: any; detailedType: any; invoicingPolicy: any; price: any; cost: any; tax_customer: any; tax_vendor: any; category: any; ref: any; barcode: any; manufacturer: any; ... 5 more ...; secondaryUom: any; }'.
components/inventory/ProductForm.tsx(34,16954): error TS2339: Property 'error' does not exist on type '{ uom: string; id: string; name: string; createdAt: Date; updatedAt: Date; companyId: string | null; createdById: string | null; type: string; active: boolean; odooId: number | null; ... 43 more ...; templateId: string | null; }'.
components/inventory/ProductForm.tsx(34,17002): error TS2339: Property 'error' does not exist on type '{ uom: string; id: string; name: string; createdAt: Date; updatedAt: Date; companyId: string | null; createdById: string | null; type: string; active: boolean; odooId: number | null; ... 43 more ...; templateId: string | null; }'.
components/inventory/ProductForm.tsx(37,624): error TS2551: Property 'secondaryUomFactor' does not exist on type '{ name: any; can_sell: any; can_purchase: any; detailedType: any; invoicingPolicy: any; price: any; cost: any; tax_customer: any; tax_vendor: any; category: any; ref: any; barcode: any; manufacturer: any; ... 5 more ...; secondaryUom: any; }'. Did you mean 'secondaryUom'?
components/inventory/ProductForm.tsx(37,673): error TS2551: Property 'secondaryUomFactor' does not exist on type '{ name: any; can_sell: any; can_purchase: any; detailedType: any; invoicingPolicy: any; price: any; cost: any; tax_customer: any; tax_vendor: any; category: any; ref: any; barcode: any; manufacturer: any; ... 5 more ...; secondaryUom: any; }'. Did you mean 'secondaryUom'?
components/inventory/ProductForm.tsx(37,905): error TS2339: Property 'tracking' does not exist on type '{ name: any; can_sell: any; can_purchase: any; detailedType: any; invoicingPolicy: any; price: any; cost: any; tax_customer: any; tax_vendor: any; category: any; ref: any; barcode: any; manufacturer: any; ... 5 more ...; secondaryUom: any; }'.
components/inventory/ProductForm.tsx(37,940): error TS2339: Property 'routeBuy' does not exist on type '{ name: any; can_sell: any; can_purchase: any; detailedType: any; invoicingPolicy: any; price: any; cost: any; tax_customer: any; tax_vendor: any; category: any; ref: any; barcode: any; manufacturer: any; ... 5 more ...; secondaryUom: any; }'.
components/inventory/ProductForm.tsx(37,974): error TS2339: Property 'routeMto' does not exist on type '{ name: any; can_sell: any; can_purchase: any; detailedType: any; invoicingPolicy: any; price: any; cost: any; tax_customer: any; tax_vendor: any; category: any; ref: any; barcode: any; manufacturer: any; ... 5 more ...; secondaryUom: any; }'.
components/inventory/ProductForm.tsx(37,1006): error TS2339: Property 'weight' does not exist on type '{ name: any; can_sell: any; can_purchase: any; detailedType: any; invoicingPolicy: any; price: any; cost: any; tax_customer: any; tax_vendor: any; category: any; ref: any; barcode: any; manufacturer: any; ... 5 more ...; secondaryUom: any; }'.
components/inventory/ProductForm.tsx(37,1032): error TS2339: Property 'volume' does not exist on type '{ name: any; can_sell: any; can_purchase: any; detailedType: any; invoicingPolicy: any; price: any; cost: any; tax_customer: any; tax_vendor: any; category: any; ref: any; barcode: any; manufacturer: any; ... 5 more ...; secondaryUom: any; }'.
components/inventory/ProductForm.tsx(37,1070): error TS2339: Property 'descriptionPicking' does not exist on type '{ name: any; can_sell: any; can_purchase: any; detailedType: any; invoicingPolicy: any; price: any; cost: any; tax_customer: any; tax_vendor: any; category: any; ref: any; barcode: any; manufacturer: any; ... 5 more ...; secondaryUom: any; }'.
components/inventory/ProductForm.tsx(37,1126): error TS2339: Property 'descriptionPickingout' does not exist on type '{ name: any; can_sell: any; can_purchase: any; detailedType: any; invoicingPolicy: any; price: any; cost: any; tax_customer: any; tax_vendor: any; category: any; ref: any; barcode: any; manufacturer: any; ... 5 more ...; secondaryUom: any; }'.
components/inventory/ProductForm.tsx(37,1183): error TS2339: Property 'descriptionInternal' does not exist on type '{ name: any; can_sell: any; can_purchase: any; detailedType: any; invoicingPolicy: any; price: any; cost: any; tax_customer: any; tax_vendor: any; category: any; ref: any; barcode: any; manufacturer: any; ... 5 more ...; secondaryUom: any; }'.
components/inventory/ProductForm.tsx(37,1233): error TS2339: Property 'availableInPos' does not exist on type '{ name: any; can_sell: any; can_purchase: any; detailedType: any; invoicingPolicy: any; price: any; cost: any; tax_customer: any; tax_vendor: any; category: any; ref: any; barcode: any; manufacturer: any; ... 5 more ...; secondaryUom: any; }'.
components/inventory/ProductForm.tsx(37,1281): error TS2339: Property 'websitePublished' does not exist on type '{ name: any; can_sell: any; can_purchase: any; detailedType: any; invoicingPolicy: any; price: any; cost: any; tax_customer: any; tax_vendor: any; category: any; ref: any; barcode: any; manufacturer: any; ... 5 more ...; secondaryUom: any; }'.
components/inventory/ProductForm.tsx(37,1328): error TS2339: Property 'controlPolicy' does not exist on type '{ name: any; can_sell: any; can_purchase: any; detailedType: any; invoicingPolicy: any; price: any; cost: any; tax_customer: any; tax_vendor: any; category: any; ref: any; barcode: any; manufacturer: any; ... 5 more ...; secondaryUom: any; }'.
components/inventory/ProductForm.tsx(37,1382): error TS2339: Property 'descriptionPurchase' does not exist on type '{ name: any; can_sell: any; can_purchase: any; detailedType: any; invoicingPolicy: any; price: any; cost: any; tax_customer: any; tax_vendor: any; category: any; ref: any; barcode: any; manufacturer: any; ... 5 more ...; secondaryUom: any; }'.
components/inventory/ProductForm.tsx(37,1428): error TS2339: Property 'costMethod' does not exist on type '{ name: any; can_sell: any; can_purchase: any; detailedType: any; invoicingPolicy: any; price: any; cost: any; tax_customer: any; tax_vendor: any; category: any; ref: any; barcode: any; manufacturer: any; ... 5 more ...; secondaryUom: any; }'.
components/inventory/ProductForm.tsx(37,1484): error TS2339: Property 'propertyAccountIncomeId' does not exist on type '{ name: any; can_sell: any; can_purchase: any; detailedType: any; invoicingPolicy: any; price: any; cost: any; tax_customer: any; tax_vendor: any; category: any; ref: any; barcode: any; manufacturer: any; ... 5 more ...; secondaryUom: any; }'.
components/inventory/ProductForm.tsx(37,1548): error TS2339: Property 'propertyAccountExpenseId' does not exist on type '{ name: any; can_sell: any; can_purchase: any; detailedType: any; invoicingPolicy: any; price: any; cost: any; tax_customer: any; tax_vendor: any; category: any; ref: any; barcode: any; manufacturer: any; ... 5 more ...; secondaryUom: any; }'.
components/inventory/ProductForm.tsx(37,1598): error TS2339: Property 'assetType' does not exist on type '{ name: any; can_sell: any; can_purchase: any; detailedType: any; invoicingPolicy: any; price: any; cost: any; tax_customer: any; tax_vendor: any; category: any; ref: any; barcode: any; manufacturer: any; ... 5 more ...; secondaryUom: any; }'.
components/inventory/ProductForm.tsx(37,1646): error TS2339: Property 'priceDifferenceAccount' does not exist on type '{ name: any; can_sell: any; can_purchase: any; detailedType: any; invoicingPolicy: any; price: any; cost: any; tax_customer: any; tax_vendor: any; category: any; ref: any; barcode: any; manufacturer: any; ... 5 more ...; secondaryUom: any; }'.
components/inventory/ProductForm.tsx(39,1311): error TS2551: Property 'secondaryUomFactor' does not exist on type '{ name: any; can_sell: any; can_purchase: any; detailedType: any; invoicingPolicy: any; price: any; cost: any; tax_customer: any; tax_vendor: any; category: any; ref: any; barcode: any; manufacturer: any; ... 5 more ...; secondaryUom: any; }'. Did you mean 'secondaryUom'?
components/inventory/ProductForm.tsx(39,1360): error TS2551: Property 'secondaryUomFactor' does not exist on type '{ name: any; can_sell: any; can_purchase: any; detailedType: any; invoicingPolicy: any; price: any; cost: any; tax_customer: any; tax_vendor: any; category: any; ref: any; barcode: any; manufacturer: any; ... 5 more ...; secondaryUom: any; }'. Did you mean 'secondaryUom'?
components/inventory/ProductForm.tsx(43,752): error TS2345: Argument of type '"propertyAccountIncomeId" | "propertyAccountExpenseId"' is not assignable to parameter of type '"uom" | "name" | "ref" | "detailedType" | "can_sell" | "can_purchase" | "purchaseUom" | "barcode" | "description" | "hasSecondaryUnit" | "secondaryUom" | "manufacturer" | "invoicingPolicy" | ... 24 more ... | `tax_vendor.${string}`'.
  Type '"propertyAccountIncomeId"' is not assignable to type '"uom" | "name" | "ref" | "detailedType" | "can_sell" | "can_purchase" | "purchaseUom" | "barcode" | "description" | "hasSecondaryUnit" | "secondaryUom" | "manufacturer" | "invoicingPolicy" | ... 24 more ... | `tax_vendor.${string}`'.
components/inventory/ProductForm.tsx(43,1310): error TS2695: Left side of comma operator is unused and has no side effects.
components/inventory/ProductForm.tsx(45,2384): error TS2345: Argument of type '"secondaryUomFactor"' is not assignable to parameter of type '"uom" | "name" | "ref" | "detailedType" | "can_sell" | "can_purchase" | "purchaseUom" | "barcode" | "description" | "hasSecondaryUnit" | "secondaryUom" | "manufacturer" | "invoicingPolicy" | ... 24 more ... | `tax_vendor.${string}`'.
components/inventory/ProductForm.tsx(45,5150): error TS2322: Type '{ isOpen: boolean; onClose: () => void; onSave: (uom: any) => Promise<void>; initialName: string; units: UoM[]; uomCategories: any[]; }' is not assignable to type 'IntrinsicAttributes & UoMManagementDialogProps'.
  Property 'units' does not exist on type 'IntrinsicAttributes & UoMManagementDialogProps'.
components/inventory/ProductForm.tsx(45,22482): error TS2739: Type '{ options: Option[]; value: any; onChange: (...event: any[]) => void; onCreate: (val: string) => void; placeholder: string; className: string; searchable: true; disabled: boolean; }' is missing the following properties from type 'OdooComboboxProps': string, void, number, boolean
components/inventory/ProductForm.tsx(45,23988): error TS2739: Type '{ options: Option[]; value: any; onChange: (val: string) => void; onCreate: (val: string) => void; placeholder: string; searchable: true; disabled: boolean; className: string; }' is missing the following properties from type 'OdooComboboxProps': string, void, number, boolean
components/inventory/ProductForm.tsx(45,24313): error TS2345: Argument of type '"secondaryUomFactor"' is not assignable to parameter of type '"uom" | "name" | "ref" | "detailedType" | "can_sell" | "can_purchase" | "purchaseUom" | "barcode" | "description" | "hasSecondaryUnit" | "secondaryUom" | "manufacturer" | "invoicingPolicy" | ... 24 more ... | `tax_vendor.${string}`'.
components/inventory/ProductForm.tsx(45,25170): error TS2345: Argument of type '"secondaryUomFactor"' is not assignable to parameter of type '"uom" | "name" | "ref" | "detailedType" | "can_sell" | "can_purchase" | "purchaseUom" | "barcode" | "description" | "hasSecondaryUnit" | "secondaryUom" | "manufacturer" | "invoicingPolicy" | ... 24 more ... | `tax_vendor.${string}`'.
components/inventory/ProductForm.tsx(45,25280): error TS2345: Argument of type '"secondaryUomFactor"' is not assignable to parameter of type '"uom" | "name" | "ref" | "detailedType" | "can_sell" | "can_purchase" | "purchaseUom" | "barcode" | "description" | "hasSecondaryUnit" | "secondaryUom" | "manufacturer" | "invoicingPolicy" | ... 24 more ... | `tax_vendor.${string}`'.
components/inventory/ProductForm.tsx(45,27500): error TS2322: Type '{ options: Option[]; value: any; onChange: (...event: any[]) => void; onCreate: (val: string) => void; onExternalLink: (val: any) => void; onSearchMore: () => Promise<void>; placeholder: string; className: string; searchable: true; maxOptions: number; }' is not assignable to type 'IntrinsicAttributes & OdooComboboxProps'.
  Property 'onExternalLink' does not exist on type 'IntrinsicAttributes & OdooComboboxProps'.
components/inventory/ProductForm.tsx(45,27517): error TS7006: Parameter 'val' implicitly has an 'any' type.
components/inventory/ProductForm.tsx(45,30322): error TS2739: Type '{ options: Option[]; value: string; onChange: (val: string) => void; placeholder: string; className: string; searchable: true; }' is missing the following properties from type 'OdooComboboxProps': string, void, number, boolean
components/inventory/ProductForm.tsx(45,30953): error TS2739: Type '{ options: Option[]; value: string; onChange: (val: string) => void; placeholder: string; searchable: true; }' is missing the following properties from type 'OdooComboboxProps': string, void, number, boolean
components/inventory/ProductForm.tsx(45,32627): error TS2739: Type '{ options: { value: any; label: any; }[]; value: string; onChange: (val: string) => void; onCreate: (val: string) => Promise<void>; placeholder: string; className: string; }' is missing the following properties from type 'OdooComboboxProps': string, void, number, boolean
components/inventory/ProductForm.tsx(46,57): error TS2739: Type '{ options: any; value: string; onChange: (val: string) => void; onCreate: (val: string) => Promise<void>; placeholder: string; className: string; }' is missing the following properties from type 'OdooComboboxProps': string, void, number, boolean
components/inventory/ProductForm.tsx(46,2706): error TS2739: Type '{ options: Option[]; value: string; onChange: (val: string) => void; placeholder: string; }' is missing the following properties from type 'OdooComboboxProps': string, void, number, boolean
components/inventory/ProductForm.tsx(46,5278): error TS2345: Argument of type '"controlPolicy"' is not assignable to parameter of type '"uom" | "name" | "ref" | "detailedType" | "can_sell" | "can_purchase" | "purchaseUom" | "barcode" | "description" | "hasSecondaryUnit" | "secondaryUom" | "manufacturer" | "invoicingPolicy" | ... 24 more ... | `tax_vendor.${string}`'.
components/inventory/ProductForm.tsx(46,5534): error TS2345: Argument of type '"controlPolicy"' is not assignable to parameter of type '"uom" | "name" | "ref" | "detailedType" | "can_sell" | "can_purchase" | "purchaseUom" | "barcode" | "description" | "hasSecondaryUnit" | "secondaryUom" | "manufacturer" | "invoicingPolicy" | ... 24 more ... | `tax_vendor.${string}`'.
components/inventory/ProductForm.tsx(46,5839): error TS2345: Argument of type '"descriptionPurchase"' is not assignable to parameter of type '"uom" | "name" | "ref" | "detailedType" | "can_sell" | "can_purchase" | "purchaseUom" | "barcode" | "description" | "hasSecondaryUnit" | "secondaryUom" | "manufacturer" | "invoicingPolicy" | ... 24 more ... | `tax_vendor.${string}`'.
components/inventory/ProductForm.tsx(46,6627): error TS2322: Type '"propertyAccountIncomeId"' is not assignable to type '"uom" | "name" | "ref" | "detailedType" | "can_sell" | "can_purchase" | "purchaseUom" | "barcode" | "description" | "hasSecondaryUnit" | "secondaryUom" | "manufacturer" | "invoicingPolicy" | ... 24 more ... | `tax_vendor.${string}`'.
components/inventory/ProductForm.tsx(46,6702): error TS2739: Type '{ options: Option[]; value: any; onChange: (...event: any[]) => void; onCreate: (val: string) => void; placeholder: string; className: string; searchable: true; alwaysShowCreate: true; }' is missing the following properties from type 'OdooComboboxProps': string, void, number, boolean
components/inventory/ProductForm.tsx(46,7480): error TS2322: Type '"propertyAccountExpenseId"' is not assignable to type '"uom" | "name" | "ref" | "detailedType" | "can_sell" | "can_purchase" | "purchaseUom" | "barcode" | "description" | "hasSecondaryUnit" | "secondaryUom" | "manufacturer" | "invoicingPolicy" | ... 24 more ... | `tax_vendor.${string}`'.
components/inventory/ProductForm.tsx(46,7556): error TS2739: Type '{ options: Option[]; value: any; onChange: (...event: any[]) => void; onCreate: (val: string) => void; placeholder: string; className: string; searchable: true; alwaysShowCreate: true; }' is missing the following properties from type 'OdooComboboxProps': string, void, number, boolean
components/inventory/ProductForm.tsx(46,8131): error TS2345: Argument of type '"assetType"' is not assignable to parameter of type '"uom" | "name" | "ref" | "detailedType" | "can_sell" | "can_purchase" | "purchaseUom" | "barcode" | "description" | "hasSecondaryUnit" | "secondaryUom" | "manufacturer" | "invoicingPolicy" | ... 24 more ... | `tax_vendor.${string}`'.
components/inventory/ProductForm.tsx(46,8645): error TS2322: Type '"priceDifferenceAccount"' is not assignable to type '"uom" | "name" | "ref" | "detailedType" | "can_sell" | "can_purchase" | "purchaseUom" | "barcode" | "description" | "hasSecondaryUnit" | "secondaryUom" | "manufacturer" | "invoicingPolicy" | ... 24 more ... | `tax_vendor.${string}`'.
components/inventory/ProductForm.tsx(46,8719): error TS2739: Type '{ options: Option[]; value: any; onChange: (...event: any[]) => void; placeholder: string; className: string; searchable: true; }' is missing the following properties from type 'OdooComboboxProps': string, void, number, boolean
components/inventory/ProductForm.tsx(46,9428): error TS2322: Type '"routeBuy"' is not assignable to type '"uom" | "name" | "ref" | "detailedType" | "can_sell" | "can_purchase" | "purchaseUom" | "barcode" | "description" | "hasSecondaryUnit" | "secondaryUom" | "manufacturer" | "invoicingPolicy" | ... 24 more ... | `tax_vendor.${string}`'.
components/inventory/ProductForm.tsx(46,9875): error TS2322: Type '"routeMto"' is not assignable to type '"uom" | "name" | "ref" | "detailedType" | "can_sell" | "can_purchase" | "purchaseUom" | "barcode" | "description" | "hasSecondaryUnit" | "secondaryUom" | "manufacturer" | "invoicingPolicy" | ... 24 more ... | `tax_vendor.${string}`'.
components/inventory/ProductForm.tsx(46,10451): error TS2345: Argument of type '"tracking"' is not assignable to parameter of type '"uom" | "name" | "ref" | "detailedType" | "can_sell" | "can_purchase" | "purchaseUom" | "barcode" | "description" | "hasSecondaryUnit" | "secondaryUom" | "manufacturer" | "invoicingPolicy" | ... 24 more ... | `tax_vendor.${string}`'.
components/inventory/ProductForm.tsx(46,11149): error TS2345: Argument of type '"weight"' is not assignable to parameter of type '"uom" | "name" | "ref" | "detailedType" | "can_sell" | "can_purchase" | "purchaseUom" | "barcode" | "description" | "hasSecondaryUnit" | "secondaryUom" | "manufacturer" | "invoicingPolicy" | ... 24 more ... | `tax_vendor.${string}`'.
components/inventory/ProductForm.tsx(46,11246): error TS2345: Argument of type '"weight"' is not assignable to parameter of type '"uom" | "name" | "ref" | "detailedType" | "can_sell" | "can_purchase" | "purchaseUom" | "barcode" | "description" | "hasSecondaryUnit" | "secondaryUom" | "manufacturer" | "invoicingPolicy" | ... 24 more ... | `tax_vendor.${string}`'.
components/inventory/ProductForm.tsx(46,11705): error TS2345: Argument of type '"volume"' is not assignable to parameter of type '"uom" | "name" | "ref" | "detailedType" | "can_sell" | "can_purchase" | "purchaseUom" | "barcode" | "description" | "hasSecondaryUnit" | "secondaryUom" | "manufacturer" | "invoicingPolicy" | ... 24 more ... | `tax_vendor.${string}`'.
components/inventory/ProductForm.tsx(46,11802): error TS2345: Argument of type '"volume"' is not assignable to parameter of type '"uom" | "name" | "ref" | "detailedType" | "can_sell" | "can_purchase" | "purchaseUom" | "barcode" | "description" | "hasSecondaryUnit" | "secondaryUom" | "manufacturer" | "invoicingPolicy" | ... 24 more ... | `tax_vendor.${string}`'.
components/inventory/ProductForm.tsx(46,12258): error TS2345: Argument of type '"saleDelay"' is not assignable to parameter of type '"uom" | "name" | "ref" | "detailedType" | "can_sell" | "can_purchase" | "purchaseUom" | "barcode" | "description" | "hasSecondaryUnit" | "secondaryUom" | "manufacturer" | "invoicingPolicy" | ... 24 more ... | `tax_vendor.${string}`'.
components/inventory/ProductForm.tsx(46,12416): error TS2345: Argument of type '"saleDelay"' is not assignable to parameter of type '"uom" | "name" | "ref" | "detailedType" | "can_sell" | "can_purchase" | "purchaseUom" | "barcode" | "description" | "hasSecondaryUnit" | "secondaryUom" | "manufacturer" | "invoicingPolicy" | ... 24 more ... | `tax_vendor.${string}`'.
components/inventory/ProductForm.tsx(46,12939): error TS2345: Argument of type '"descriptionPicking"' is not assignable to parameter of type '"uom" | "name" | "ref" | "detailedType" | "can_sell" | "can_purchase" | "purchaseUom" | "barcode" | "description" | "hasSecondaryUnit" | "secondaryUom" | "manufacturer" | "invoicingPolicy" | ... 24 more ... | `tax_vendor.${string}`'.
components/inventory/ProductForm.tsx(46,13317): error TS2345: Argument of type '"descriptionPickingout"' is not assignable to parameter of type '"uom" | "name" | "ref" | "detailedType" | "can_sell" | "can_purchase" | "purchaseUom" | "barcode" | "description" | "hasSecondaryUnit" | "secondaryUom" | "manufacturer" | "invoicingPolicy" | ... 24 more ... | `tax_vendor.${string}`'.
components/inventory/ProductForm.tsx(46,13725): error TS2345: Argument of type '"descriptionInternal"' is not assignable to parameter of type '"uom" | "name" | "ref" | "detailedType" | "can_sell" | "can_purchase" | "purchaseUom" | "barcode" | "description" | "hasSecondaryUnit" | "secondaryUom" | "manufacturer" | "invoicingPolicy" | ... 24 more ... | `tax_vendor.${string}`'.
components/inventory/ProductForm.tsx(46,14319): error TS2322: Type '{ isOpen: boolean; onClose: () => void; onSave: (uom: any) => Promise<void>; initialName: string; units: UoM[]; uomCategories: any[]; }' is not assignable to type 'IntrinsicAttributes & UoMManagementDialogProps'.
  Property 'units' does not exist on type 'IntrinsicAttributes & UoMManagementDialogProps'.
components/inventory/ScrapOrderForm.tsx(41,42): error TS2345: Argument of type 'string | undefined' is not assignable to parameter of type 'string'.
  Type 'undefined' is not assignable to type 'string'.
components/inventory/UomManagementDialog.tsx(77,7): error TS2353: Object literal may only specify known properties, and 'ratio' does not exist in type '{ name: string; categoryId: string; type: string; } | { name?: string | undefined; categoryId?: string | undefined; type?: string | undefined; } | ResetAction<{ name: string; categoryId: string; type: string; }>'.
components/inventory/UomManagementDialog.tsx(89,7): error TS2353: Object literal may only specify known properties, and 'ratio' does not exist in type '{ name: string; categoryId: string; type: string; } | { name?: string | undefined; categoryId?: string | undefined; type?: string | undefined; } | ResetAction<{ name: string; categoryId: string; type: string; }>'.
components/inventory/UomManagementDialog.tsx(206,20): error TS2739: Type '{ options: { value: any; label: any; }[]; value: string; onChange: (...event: any[]) => void; onCreate: (name: string) => Promise<void>; placeholder: string; }' is missing the following properties from type 'OdooComboboxProps': string, void, number, boolean
components/inventory/UomManagementDialog.tsx(226,67): error TS2345: Argument of type '"ratio"' is not assignable to parameter of type '"name" | "type" | "categoryId"'.
components/inventory/UomManagementDialog.tsx(230,26): error TS2345: Argument of type '"ratio"' is not assignable to parameter of type '"name" | "type" | "categoryId"'.
components/inventory/UomManagementDialog.tsx(242,64): error TS2345: Argument of type '"rounding"' is not assignable to parameter of type '"name" | "type" | "categoryId"'.
components/inventory/UomManagementDialog.tsx(246,26): error TS2345: Argument of type '"rounding"' is not assignable to parameter of type '"name" | "type" | "categoryId"'.
components/inventory/WarehouseReceiptPrint.tsx(19,3): error TS2339: Property 'partnerName' does not exist on type 'WarehouseReceiptProps'.
components/inventory/WarehouseReceiptPrint.tsx(20,3): error TS2339: Property 'date' does not exist on type 'WarehouseReceiptProps'.
components/inventory/WarehouseReceiptPrint.tsx(21,3): error TS2339: Property 'lines' does not exist on type 'WarehouseReceiptProps'.
components/inventory/WarehouseReceiptPrint.tsx(22,3): error TS2339: Property 'warehouseName' does not exist on type 'WarehouseReceiptProps'.
components/inventory/WarehouseReceiptPrint.tsx(23,3): error TS2339: Property 'notes' does not exist on type 'WarehouseReceiptProps'.
components/inventory/WarehouseReceiptPrint.tsx(95,25): error TS7006: Parameter 'line' implicitly has an 'any' type.
components/inventory/WarehouseReceiptPrint.tsx(95,31): error TS7006: Parameter 'i' implicitly has an 'any' type.
components/layout/DebtFollowUpActionModal.tsx(14,3): error TS7008: Member 'id' implicitly has an 'any' type.
components/layout/DebtFollowUpActionModal.tsx(16,5): error TS7008: Member 'id' implicitly has an 'any' type.
components/layout/DebtFollowUpActionModal.tsx(17,5): error TS7008: Member 'name' implicitly has an 'any' type.
components/layout/DebtFollowUpActionModal.tsx(19,3): error TS7008: Member 'notes' implicitly has an 'any' type.
components/layout/DebtFollowUpActionModal.tsx(20,3): error TS7008: Member 'nextFollowUpDate' implicitly has an 'any' type.
components/layout/NotificationBell.tsx(72,713): error TS2739: Type '{ open: boolean; onOpenChange: (open: boolean) => void; followUp: any; }' is missing the following properties from type 'DebtFollowUpActionModalProps': id, partner, notes, nextFollowUpDate
components/NavigationTracker.tsx(18,3): error TS2695: Left side of comma operator is unused and has no side effects.
components/NavigationTracker.tsx(59,7): error TS2304: Cannot find name 'segments'.
components/NavigationTracker.tsx(60,25): error TS2304: Cannot find name 'title'.
components/NavigationTracker.tsx(61,7): error TS2304: Cannot find name 'segments'.
components/NavigationTracker.tsx(61,30): error TS2304: Cannot find name 'title'.
components/NavigationTracker.tsx(62,23): error TS2304: Cannot find name 'title'.
components/NavigationTracker.tsx(62,51): error TS2304: Cannot find name 'title'.
components/partner/PartnerForm.tsx(1200,8): error TS2322: Type '{ children: (string | Element)[]; statusSteps: never[]; currentStatus: string; contextActions: never[]; smartButtons: Element | undefined; chatterId: any; chatterModel: string; }' is not assignable to type 'IntrinsicAttributes & OdooFormShellProps'.
  Property 'children' does not exist on type 'IntrinsicAttributes & OdooFormShellProps'.
components/purchases/PurchaseOrderForm.tsx(1077,8): error TS2322: Type '{ children: Element[]; statusSteps: { value: string; label: string; }[]; currentStatus: any; onStatusClick: ((clickedStatus: string) => Promise<void>) | undefined; statusClickable: boolean; ... 12 more ...; updatedAt: any; }' is not assignable to type 'IntrinsicAttributes & OdooFormShellProps'.
  Property 'children' does not exist on type 'IntrinsicAttributes & OdooFormShellProps'.
components/purchases/PurchaseOrderForm.tsx(1210,69): error TS2345: Argument of type '"receiptDate"' is not assignable to parameter of type '"date" | "ref" | "lines" | "priceListId" | `ref.${string}` | "vendor" | `lines.${string}` | `priceListId.${string}` | `vendor.${string}`'.
components/purchases/PurchaseOrderForm.tsx(1210,248): error TS2769: No overload matches this call.
  Overload 1 of 4, '(names: readonly ("date" | "ref" | "lines" | "priceListId" | `ref.${string}` | "vendor" | `lines.${string}` | `priceListId.${string}` | `vendor.${string}`)[], defaultValue?: { vendor?: any; ref?: any; date?: string | undefined; priceListId?: any; lines?: any; } | undefined): readonly any[]', gave the following error.
    Argument of type 'string' is not assignable to parameter of type 'readonly ("date" | "ref" | "lines" | "priceListId" | `ref.${string}` | "vendor" | `lines.${string}` | `priceListId.${string}` | `vendor.${string}`)[]'.
  Overload 2 of 4, '(name: "date" | "ref" | "lines" | "priceListId" | `ref.${string}` | "vendor" | `lines.${string}` | `priceListId.${string}` | `vendor.${string}`, defaultValue?: any): any', gave the following error.
    Argument of type '"receiptDate"' is not assignable to parameter of type '"date" | "ref" | "lines" | "priceListId" | `ref.${string}` | "vendor" | `lines.${string}` | `priceListId.${string}` | `vendor.${string}`'.
  Overload 3 of 4, '(callback: WatchObserver<{ vendor: any; ref: any; date: string; priceListId: any; lines: any; }>, defaultValues?: { vendor?: any; ref?: any; date?: string | undefined; priceListId?: any; lines?: any; } | undefined): Subscription', gave the following error.
    Argument of type 'string' is not assignable to parameter of type 'WatchObserver<{ vendor: any; ref: any; date: string; priceListId: any; lines: any; }>'.
components/purchases/PurchaseOrderForm.tsx(1397,72): error TS2345: Argument of type '"invoicePolicy"' is not assignable to parameter of type '"date" | "ref" | "lines" | "priceListId" | `ref.${string}` | "vendor" | `lines.${string}` | `priceListId.${string}` | `vendor.${string}`'.
components/purchases/PurchaseOrderForm.tsx(1401,73): error TS2345: Argument of type '"invoicePolicy"' is not assignable to parameter of type '"date" | "ref" | "lines" | "priceListId" | `ref.${string}` | "vendor" | `lines.${string}` | `priceListId.${string}` | `vendor.${string}`'.
components/purchases/PurchaseOrderForm.tsx(1412,40): error TS2345: Argument of type '"fiscalPosition"' is not assignable to parameter of type '"date" | "ref" | "lines" | "priceListId" | `ref.${string}` | "vendor" | `lines.${string}` | `priceListId.${string}` | `vendor.${string}`'.
components/purchases/PurchaseOrderForm.tsx(1424,36): error TS2345: Argument of type '"terms"' is not assignable to parameter of type '"date" | "ref" | "lines" | "priceListId" | `ref.${string}` | "vendor" | `lines.${string}` | `priceListId.${string}` | `vendor.${string}`'.
components/purchases/PurchaseOrderForm.tsx(1502,131): error TS2322: Type '{ isOpen: boolean; onClose: () => void; products: { id: any; name: any; internalRef: any; type: any; categoryId: any; categoryName: any; salePrice: any; costPrice: any; quantityOnHand: any; reservedQty: any; uom: any; secondaryUom: any; secondaryUomFactor: any; hasSecondaryUnit: any; }[]; categories: any[]; existing...' is not assignable to type 'IntrinsicAttributes & ProductBrowserModalProps'.
  Property 'onConfirm' does not exist on type 'IntrinsicAttributes & ProductBrowserModalProps'.
components/sales/PriceListForm.tsx(89,3): error TS2695: Left side of comma operator is unused and has no side effects.
components/sales/PriceListForm.tsx(96,3): error TS2695: Left side of comma operator is unused and has no side effects.
components/sales/PriceListForm.tsx(207,1724): error TS2739: Type '{ options: { value: any; label: any; }[]; value: any; onChange: (val: string) => void; placeholder: string; searchable: true; className: string; }' is missing the following properties from type 'OdooComboboxProps': string, void, number, boolean
components/sales/SaleOrderForm.tsx(249,3): error TS2695: Left side of comma operator is unused and has no side effects.
components/sales/SaleOrderForm.tsx(315,3): error TS2695: Left side of comma operator is unused and has no side effects.
components/sales/SaleOrderForm.tsx(829,3): error TS2695: Left side of comma operator is unused and has no side effects.
components/sales/SaleOrderForm.tsx(851,3): error TS2695: Left side of comma operator is unused and has no side effects.
components/sales/SaleOrderForm.tsx(861,9): error TS2695: Left side of comma operator is unused and has no side effects.
components/sales/SaleOrderForm.tsx(1050,16): error TS2739: Type '{ options: { value: any; label: string; data: any; }[]; value: any; onChange: (val: any) => void; disabled: boolean; placeholder: string; className: string; }' is missing the following properties from type 'OdooComboboxProps': string, void, number, boolean
components/sales/SaleOrderForm.tsx(1370,8): error TS2322: Type '{ children: Element[]; statusSteps: { value: string; label: string; }[]; currentStatus: any; contextActions: any[]; smartButtons: Element | undefined; titleLabel: string; titleValue: any; ... 8 more ...; updatedAt: any; }' is not assignable to type 'IntrinsicAttributes & OdooFormShellProps'.
  Property 'children' does not exist on type 'IntrinsicAttributes & OdooFormShellProps'.
components/sales/SaleOrderForm.tsx(1507,117): error TS2322: Type '{ options: any[]; value: any; onChange: (val: string | number | null) => Promise<void>; onCreateEdit: (query: string) => void; onLinkClick: (e: MouseEvent<Element, MouseEvent>, id: string | number) => Promise<...>; showWhatsApp: true; error: boolean; placeholder: string; }' is not assignable to type 'IntrinsicAttributes & OdooAutocompleteProps'.
  Property 'error' does not exist on type 'IntrinsicAttributes & OdooAutocompleteProps'.
components/sales/SaleOrderForm.tsx(1698,18): error TS2739: Type '{ columns: any[]; fieldArrayName: string; }' is missing the following properties from type 'EditableDynamicTableProps<any>': fields, register, onRemove
components/sales/SaleOrderForm.tsx(1896,156): error TS2322: Type '{ isOpen: boolean; onClose: () => void; products: { id: any; name: any; internalRef: any; type: any; categoryId: any; categoryName: any; salePrice: any; costPrice: any; quantityOnHand: any; reservedQty: any; uom: any; secondaryUom: any; secondaryUomFactor: any; hasSecondaryUnit: any; }[]; categories: any[]; existing...' is not assignable to type 'IntrinsicAttributes & ProductBrowserModalProps'.
  Property 'onConfirm' does not exist on type 'IntrinsicAttributes & ProductBrowserModalProps'.
components/ui/OdooCombobox.tsx(26,3): error TS2300: Duplicate identifier 'string'.
components/ui/OdooCombobox.tsx(26,3): error TS7008: Member 'string' implicitly has an 'any' type.
components/ui/OdooCombobox.tsx(27,3): error TS2300: Duplicate identifier 'string'.
components/ui/OdooCombobox.tsx(28,3): error TS2300: Duplicate identifier 'string'.
components/ui/OdooCombobox.tsx(29,3): error TS7008: Member 'void' implicitly has an 'any' type.
components/ui/OdooCombobox.tsx(30,3): error TS7008: Member 'number' implicitly has an 'any' type.
components/ui/OdooCombobox.tsx(31,3): error TS7008: Member 'boolean' implicitly has an 'any' type.
components/ui/OdooCombobox.tsx(45,3): error TS2339: Property 'searchMoreUrl' does not exist on type 'OdooComboboxProps'.
components/ui/OdooCombobox.tsx(46,3): error TS2339: Property 'createUrl' does not exist on type 'OdooComboboxProps'.
components/ui/OdooCombobox.tsx(47,3): error TS2339: Property 'detailUrl' does not exist on type 'OdooComboboxProps'.
components/ui/OdooCombobox.tsx(48,3): error TS2339: Property 'onExternalLink' does not exist on type 'OdooComboboxProps'.
components/ui/OdooCombobox.tsx(50,3): error TS2339: Property 'maxOptions' does not exist on type 'OdooComboboxProps'.
components/ui/OdooCombobox.tsx(51,3): error TS2339: Property 'showWhatsApp' does not exist on type 'OdooComboboxProps'.
components/ui/OdooCombobox.tsx(69,3): error TS2304: Cannot find name 'filteredOptions'.
components/ui/OdooCombobox.tsx(105,30): error TS2304: Cannot find name 'filteredOptions'.
components/ui/OdooCombobox.tsx(107,20): error TS2304: Cannot find name 'filteredOptions'.
components/ui/OdooCombobox.tsx(107,46): error TS2304: Cannot find name 'filteredOptions'.
components/ui/OdooCombobox.tsx(132,3): error TS2304: Cannot find name 'same'.
components/ui/OdooCombobox.tsx(132,14): error TS2304: Cannot find name 'lastValue'.
components/ui/OdooCombobox.tsx(132,14): error TS2695: Left side of comma operator is unused and has no side effects.
components/ui/OdooCombobox.tsx(132,25): error TS2304: Cannot find name 'setLastValue'.
components/ui/OdooCombobox.tsx(133,3): error TS2695: Left side of comma operator is unused and has no side effects.
components/ui/OdooCombobox.tsx(136,19): error TS2304: Cannot find name 'lastValue'.
components/ui/OdooCombobox.tsx(137,7): error TS2304: Cannot find name 'setLastValue'.
components/ui/OdooCombobox.tsx(140,14): error TS2304: Cannot find name 'lastValue'.
components/ui/OdooCombobox.tsx(163,278): error TS2304: Cannot find name 'filteredOptions'.
components/ui/OdooCombobox.tsx(163,319): error TS7006: Parameter 'option' implicitly has an 'any' type.
components/ui/OdooCombobox.tsx(166,110): error TS2304: Cannot find name 'filteredOptions'.
components/ui/OdooSearch.tsx(68,1136): error TS2339: Property 'key' does not exist on type 'FilterOption'.
components/ui/OdooSearch.tsx(68,1269): error TS2339: Property 'key' does not exist on type 'FilterOption'.
components/ui/OdooSearch.tsx(69,26): error TS2339: Property 'key' does not exist on type 'FilterOption'.
components/ui/OdooSearch.tsx(71,52): error TS2339: Property 'key' does not exist on type 'FilterOption'.
components/ui/OdooSearch.tsx(75,43): error TS2339: Property 'key' does not exist on type 'FilterOption'.
components/ui/PivotTable.tsx(23,27): error TS2339: Property 'cols' does not exist on type 'PivotConfig'.
components/ui/PivotTable.tsx(24,31): error TS2339: Property 'measures' does not exist on type 'PivotConfig'.
components/ui/PivotTable.tsx(29,11): error TS2304: Cannot find name 'r'.
components/ui/PivotTable.tsx(31,13): error TS2304: Cannot find name 'r'.
components/ui/PivotTable.tsx(36,35): error TS2304: Cannot find name 'd'.
components/ui/PivotTable.tsx(37,44): error TS2304: Cannot find name 'd'.
components/ui/PivotTable.tsx(38,37): error TS2304: Cannot find name 'd'.
